Archive member included to satisfy reference by file (symbol)

c:/program files/microchip/xc8/v2.32/avr/bin/../lib/gcc/avr/5.4.0/../../../../avr/lib/avr5/memx-const\libm.a(addsf3.o)
                              build/default/production/mDrivers/mUART.o (__subsf3)
c:/program files/microchip/xc8/v2.32/avr/bin/../lib/gcc/avr/5.4.0/../../../../avr/lib/avr5/memx-const\libm.a(addsf3x.o)
                              c:/program files/microchip/xc8/v2.32/avr/bin/../lib/gcc/avr/5.4.0/../../../../avr/lib/avr5/memx-const\libm.a(addsf3.o) (__addsf3x)
c:/program files/microchip/xc8/v2.32/avr/bin/../lib/gcc/avr/5.4.0/../../../../avr/lib/avr5/memx-const\libm.a(divsf3.o)
                              build/default/production/mDrivers/mUART.o (__divsf3)
c:/program files/microchip/xc8/v2.32/avr/bin/../lib/gcc/avr/5.4.0/../../../../avr/lib/avr5/memx-const\libm.a(divsf3x.o)
                              c:/program files/microchip/xc8/v2.32/avr/bin/../lib/gcc/avr/5.4.0/../../../../avr/lib/avr5/memx-const\libm.a(divsf3.o) (__divsf3x)
c:/program files/microchip/xc8/v2.32/avr/bin/../lib/gcc/avr/5.4.0/../../../../avr/lib/avr5/memx-const\libm.a(fixsfsi.o)
                              build/default/production/mDrivers/mUART.o (__fixsfsi)
c:/program files/microchip/xc8/v2.32/avr/bin/../lib/gcc/avr/5.4.0/../../../../avr/lib/avr5/memx-const\libm.a(fixunssfsi.o)
                              c:/program files/microchip/xc8/v2.32/avr/bin/../lib/gcc/avr/5.4.0/../../../../avr/lib/avr5/memx-const\libm.a(fixsfsi.o) (__fixunssfsi)
c:/program files/microchip/xc8/v2.32/avr/bin/../lib/gcc/avr/5.4.0/../../../../avr/lib/avr5/memx-const\libm.a(floatsisf.o)
                              build/default/production/mDrivers/mUART.o (__floatsisf)
c:/program files/microchip/xc8/v2.32/avr/bin/../lib/gcc/avr/5.4.0/../../../../avr/lib/avr5/memx-const\libm.a(fp_inf.o)
                              c:/program files/microchip/xc8/v2.32/avr/bin/../lib/gcc/avr/5.4.0/../../../../avr/lib/avr5/memx-const\libm.a(addsf3x.o) (__fp_inf)
c:/program files/microchip/xc8/v2.32/avr/bin/../lib/gcc/avr/5.4.0/../../../../avr/lib/avr5/memx-const\libm.a(fp_nan.o)
                              c:/program files/microchip/xc8/v2.32/avr/bin/../lib/gcc/avr/5.4.0/../../../../avr/lib/avr5/memx-const\libm.a(addsf3x.o) (__fp_nan)
c:/program files/microchip/xc8/v2.32/avr/bin/../lib/gcc/avr/5.4.0/../../../../avr/lib/avr5/memx-const\libm.a(fp_pscA.o)
                              c:/program files/microchip/xc8/v2.32/avr/bin/../lib/gcc/avr/5.4.0/../../../../avr/lib/avr5/memx-const\libm.a(addsf3x.o) (__fp_pscA)
c:/program files/microchip/xc8/v2.32/avr/bin/../lib/gcc/avr/5.4.0/../../../../avr/lib/avr5/memx-const\libm.a(fp_pscB.o)
                              c:/program files/microchip/xc8/v2.32/avr/bin/../lib/gcc/avr/5.4.0/../../../../avr/lib/avr5/memx-const\libm.a(addsf3x.o) (__fp_pscB)
c:/program files/microchip/xc8/v2.32/avr/bin/../lib/gcc/avr/5.4.0/../../../../avr/lib/avr5/memx-const\libm.a(fp_round.o)
                              c:/program files/microchip/xc8/v2.32/avr/bin/../lib/gcc/avr/5.4.0/../../../../avr/lib/avr5/memx-const\libm.a(addsf3.o) (__fp_round)
c:/program files/microchip/xc8/v2.32/avr/bin/../lib/gcc/avr/5.4.0/../../../../avr/lib/avr5/memx-const\libm.a(fp_split3.o)
                              c:/program files/microchip/xc8/v2.32/avr/bin/../lib/gcc/avr/5.4.0/../../../../avr/lib/avr5/memx-const\libm.a(addsf3x.o) (__fp_split3)
c:/program files/microchip/xc8/v2.32/avr/bin/../lib/gcc/avr/5.4.0/../../../../avr/lib/avr5/memx-const\libm.a(fp_zero.o)
                              c:/program files/microchip/xc8/v2.32/avr/bin/../lib/gcc/avr/5.4.0/../../../../avr/lib/avr5/memx-const\libm.a(addsf3x.o) (__fp_zero)
c:/program files/microchip/xc8/v2.32/avr/bin/../lib/gcc/avr/5.4.0/avr5/memx-const\libgcc.a(_udivmodhi4.o)
                              build/default/production/FreeRTOS/queue.o (__udivmodhi4)
c:/program files/microchip/xc8/v2.32/avr/bin/../lib/gcc/avr/5.4.0/avr5/memx-const\libgcc.a(_exit.o)
                              C:/Program Files/Microchip/MPLABX/v5.50/packs/Microchip/ATmega_DFP/2.3.126/xc8/avr/lib/avr5/memx-const/crtatmega32a.o (exit)
c:/program files/microchip/xc8/v2.32/avr/bin/../lib/gcc/avr/5.4.0/avr5/memx-const\libgcc.a(_copy_data.o)
                              build/default/production/main.o (__do_clear_bss)
c:/program files/microchip/xc8/v2.32/avr/bin/../lib/gcc/avr/5.4.0/avr5/memx-const\libgcc.a(_xload_2.o)
                              build/default/production/FreeRTOS/event_groups.o (__xload_2)
c:/program files/microchip/xc8/v2.32/avr/bin/../lib/gcc/avr/5.4.0/avr5/memx-const\libgcc.a(_xload_4.o)
                              build/default/production/FreeRTOS/event_groups.o (__xload_4)
c:/program files/microchip/xc8/v2.32/avr/bin/../lib/gcc/avr/5.4.0/../../../../avr/lib/avr5/memx-const\libc.a(memcpy_M.o)
                              build/default/production/FreeRTOS/queue.o (memcpy)
c:/program files/microchip/xc8/v2.32/avr/bin/../lib/gcc/avr/5.4.0/../../../../avr/lib/avr5/memx-const\libc.a(itoa_ncheck.o)
                              build/default/production/mDrivers/mUART.o (__itoa_ncheck)
c:/program files/microchip/xc8/v2.32/avr/bin/../lib/gcc/avr/5.4.0/../../../../avr/lib/avr5/memx-const\libc.a(utoa_ncheck.o)
                              c:/program files/microchip/xc8/v2.32/avr/bin/../lib/gcc/avr/5.4.0/../../../../avr/lib/avr5/memx-const\libc.a(itoa_ncheck.o) (__utoa_common)
c:/program files/microchip/xc8/v2.32/avr/bin/../lib/gcc/avr/5.4.0/../../../../avr/lib/avr5/memx-const\libc.a(strrev.o)
                              c:/program files/microchip/xc8/v2.32/avr/bin/../lib/gcc/avr/5.4.0/../../../../avr/lib/avr5/memx-const\libc.a(utoa_ncheck.o) (strrev)

Allocating common symbols
Common symbol       size              file

Queue_Handler       0x2               build/default/production/main.o
T1_Handler          0x2               build/default/production/main.o

Discarded input sections

 .data          0x0000000000000000        0x0 C:/Program Files/Microchip/MPLABX/v5.50/packs/Microchip/ATmega_DFP/2.3.126/xc8/avr/lib/avr5/memx-const/crtatmega32a.o
 .bss           0x0000000000000000        0x0 C:/Program Files/Microchip/MPLABX/v5.50/packs/Microchip/ATmega_DFP/2.3.126/xc8/avr/lib/avr5/memx-const/crtatmega32a.o
 .text          0x0000000000000000        0x0 build/default/production/main.o
 .data          0x0000000000000000        0x0 build/default/production/main.o
 .bss           0x0000000000000000        0x0 build/default/production/main.o
 .text          0x0000000000000000        0x0 build/default/production/FreeRTOS/croutine.o
 .data          0x0000000000000000        0x0 build/default/production/FreeRTOS/croutine.o
 .bss           0x0000000000000000        0x0 build/default/production/FreeRTOS/croutine.o
 .debug_info    0x0000000000000000      0x228 build/default/production/FreeRTOS/croutine.o
 .debug_abbrev  0x0000000000000000       0x1b build/default/production/FreeRTOS/croutine.o
 .debug_aranges
                0x0000000000000000       0x18 build/default/production/FreeRTOS/croutine.o
 .debug_line    0x0000000000000000       0x1a build/default/production/FreeRTOS/croutine.o
 .debug_str     0x0000000000000000        0x0 build/default/production/FreeRTOS/croutine.o
 .comment       0x0000000000000000       0x30 build/default/production/FreeRTOS/croutine.o
 .text          0x0000000000000000        0x0 build/default/production/FreeRTOS/event_groups.o
 .data          0x0000000000000000        0x0 build/default/production/FreeRTOS/event_groups.o
 .bss           0x0000000000000000        0x0 build/default/production/FreeRTOS/event_groups.o
 .text.xEventGroupCreate
                0x0000000000000000       0x2a build/default/production/FreeRTOS/event_groups.o
 .text.xEventGroupWaitBits
                0x0000000000000000      0x182 build/default/production/FreeRTOS/event_groups.o
 .text.xEventGroupClearBits
                0x0000000000000000       0x3a build/default/production/FreeRTOS/event_groups.o
 .text.xEventGroupGetBitsFromISR
                0x0000000000000000        0xc build/default/production/FreeRTOS/event_groups.o
 .text.xEventGroupSetBits
                0x0000000000000000      0x150 build/default/production/FreeRTOS/event_groups.o
 .text.xEventGroupSync
                0x0000000000000000      0x16e build/default/production/FreeRTOS/event_groups.o
 .text.vEventGroupDelete
                0x0000000000000000       0x78 build/default/production/FreeRTOS/event_groups.o
 .text.vEventGroupSetBitsCallback
                0x0000000000000000        0x6 build/default/production/FreeRTOS/event_groups.o
 .text.vEventGroupClearBitsCallback
                0x0000000000000000        0x6 build/default/production/FreeRTOS/event_groups.o
 .debug_info    0x0000000000000000      0xcb3 build/default/production/FreeRTOS/event_groups.o
 .debug_abbrev  0x0000000000000000      0x221 build/default/production/FreeRTOS/event_groups.o
 .debug_loc     0x0000000000000000      0xa58 build/default/production/FreeRTOS/event_groups.o
 .debug_aranges
                0x0000000000000000       0x60 build/default/production/FreeRTOS/event_groups.o
 .debug_ranges  0x0000000000000000       0x68 build/default/production/FreeRTOS/event_groups.o
 .debug_line    0x0000000000000000      0x39d build/default/production/FreeRTOS/event_groups.o
 .debug_str     0x0000000000000000      0x192 build/default/production/FreeRTOS/event_groups.o
 .comment       0x0000000000000000       0x30 build/default/production/FreeRTOS/event_groups.o
 .debug_frame   0x0000000000000000      0x1f0 build/default/production/FreeRTOS/event_groups.o
 .text          0x0000000000000000        0x0 build/default/production/FreeRTOS/heap_4.o
 .data          0x0000000000000000        0x0 build/default/production/FreeRTOS/heap_4.o
 .bss           0x0000000000000000        0x0 build/default/production/FreeRTOS/heap_4.o
 .text.xPortGetFreeHeapSize
                0x0000000000000000        0xa build/default/production/FreeRTOS/heap_4.o
 .text.xPortGetMinimumEverFreeHeapSize
                0x0000000000000000        0xa build/default/production/FreeRTOS/heap_4.o
 .text.vPortInitialiseBlocks
                0x0000000000000000        0x2 build/default/production/FreeRTOS/heap_4.o
 .text.vPortGetHeapStats
                0x0000000000000000       0xc4 build/default/production/FreeRTOS/heap_4.o
 .text          0x0000000000000000        0x0 build/default/production/FreeRTOS/list.o
 .data          0x0000000000000000        0x0 build/default/production/FreeRTOS/list.o
 .bss           0x0000000000000000        0x0 build/default/production/FreeRTOS/list.o
 .text.vListInsertEnd
                0x0000000000000000       0x42 build/default/production/FreeRTOS/list.o
 .text          0x0000000000000000        0x0 build/default/production/FreeRTOS/port.o
 .data          0x0000000000000000        0x0 build/default/production/FreeRTOS/port.o
 .bss           0x0000000000000000        0x0 build/default/production/FreeRTOS/port.o
 .text.vPortEndScheduler
                0x0000000000000000        0x2 build/default/production/FreeRTOS/port.o
 .text          0x0000000000000000        0x0 build/default/production/FreeRTOS/queue.o
 .data          0x0000000000000000        0x0 build/default/production/FreeRTOS/queue.o
 .bss           0x0000000000000000        0x0 build/default/production/FreeRTOS/queue.o
 .text.xQueueGenericSendFromISR
                0x0000000000000000       0x74 build/default/production/FreeRTOS/queue.o
 .text.xQueueGiveFromISR
                0x0000000000000000       0x54 build/default/production/FreeRTOS/queue.o
 .text.xQueueSemaphoreTake
                0x0000000000000000      0x14c build/default/production/FreeRTOS/queue.o
 .text.xQueuePeek
                0x0000000000000000      0x164 build/default/production/FreeRTOS/queue.o
 .text.xQueueReceiveFromISR
                0x0000000000000000       0x72 build/default/production/FreeRTOS/queue.o
 .text.xQueuePeekFromISR
                0x0000000000000000       0x2e build/default/production/FreeRTOS/queue.o
 .text.uxQueueMessagesWaiting
                0x0000000000000000       0x10 build/default/production/FreeRTOS/queue.o
 .text.uxQueueSpacesAvailable
                0x0000000000000000       0x14 build/default/production/FreeRTOS/queue.o
 .text.uxQueueMessagesWaitingFromISR
                0x0000000000000000        0x6 build/default/production/FreeRTOS/queue.o
 .text.vQueueDelete
                0x0000000000000000        0x6 build/default/production/FreeRTOS/queue.o
 .text.xQueueIsQueueEmptyFromISR
                0x0000000000000000        0xc build/default/production/FreeRTOS/queue.o
 .text.xQueueIsQueueFullFromISR
                0x0000000000000000        0xe build/default/production/FreeRTOS/queue.o
 .text          0x0000000000000000        0x0 build/default/production/FreeRTOS/stream_buffer.o
 .data          0x0000000000000000        0x0 build/default/production/FreeRTOS/stream_buffer.o
 .bss           0x0000000000000000        0x0 build/default/production/FreeRTOS/stream_buffer.o
 .text.prvBytesInBuffer
                0x0000000000000000       0x54 build/default/production/FreeRTOS/stream_buffer.o
 .text.prvWriteBytesToBuffer
                0x0000000000000000       0x96 build/default/production/FreeRTOS/stream_buffer.o
 .text.prvWriteMessageToBuffer
                0x0000000000000000       0xa4 build/default/production/FreeRTOS/stream_buffer.o
 .text.prvReadBytesFromBuffer
                0x0000000000000000       0x8c build/default/production/FreeRTOS/stream_buffer.o
 .text.prvReadMessageFromBuffer
                0x0000000000000000       0x90 build/default/production/FreeRTOS/stream_buffer.o
 .text.xStreamBufferGenericCreate
                0x0000000000000000       0x6c build/default/production/FreeRTOS/stream_buffer.o
 .text.vStreamBufferDelete
                0x0000000000000000       0x1a build/default/production/FreeRTOS/stream_buffer.o
 .text.xStreamBufferReset
                0x0000000000000000       0x74 build/default/production/FreeRTOS/stream_buffer.o
 .text.xStreamBufferSetTriggerLevel
                0x0000000000000000       0x22 build/default/production/FreeRTOS/stream_buffer.o
 .text.xStreamBufferSpacesAvailable
                0x0000000000000000       0x80 build/default/production/FreeRTOS/stream_buffer.o
 .text.xStreamBufferBytesAvailable
                0x0000000000000000        0xa build/default/production/FreeRTOS/stream_buffer.o
 .text.xStreamBufferSend
                0x0000000000000000      0x194 build/default/production/FreeRTOS/stream_buffer.o
 .text.xStreamBufferSendFromISR
                0x0000000000000000       0xa2 build/default/production/FreeRTOS/stream_buffer.o
 .text.xStreamBufferReceive
                0x0000000000000000      0x152 build/default/production/FreeRTOS/stream_buffer.o
 .text.xStreamBufferNextMessageLengthBytes
                0x0000000000000000       0x58 build/default/production/FreeRTOS/stream_buffer.o
 .text.xStreamBufferReceiveFromISR
                0x0000000000000000       0x8c build/default/production/FreeRTOS/stream_buffer.o
 .text.xStreamBufferIsEmpty
                0x0000000000000000       0x24 build/default/production/FreeRTOS/stream_buffer.o
 .text.xStreamBufferIsFull
                0x0000000000000000       0x3a build/default/production/FreeRTOS/stream_buffer.o
 .text.xStreamBufferSendCompletedFromISR
                0x0000000000000000       0x4c build/default/production/FreeRTOS/stream_buffer.o
 .text.xStreamBufferReceiveCompletedFromISR
                0x0000000000000000       0x4c build/default/production/FreeRTOS/stream_buffer.o
 .debug_info    0x0000000000000000     0x175c build/default/production/FreeRTOS/stream_buffer.o
 .debug_abbrev  0x0000000000000000      0x27f build/default/production/FreeRTOS/stream_buffer.o
 .debug_loc     0x0000000000000000     0x174b build/default/production/FreeRTOS/stream_buffer.o
 .debug_aranges
                0x0000000000000000       0xb8 build/default/production/FreeRTOS/stream_buffer.o
 .debug_ranges  0x0000000000000000       0xa8 build/default/production/FreeRTOS/stream_buffer.o
 .debug_line    0x0000000000000000      0x712 build/default/production/FreeRTOS/stream_buffer.o
 .debug_str     0x0000000000000000      0x20f build/default/production/FreeRTOS/stream_buffer.o
 .comment       0x0000000000000000       0x30 build/default/production/FreeRTOS/stream_buffer.o
 .debug_frame   0x0000000000000000      0x43c build/default/production/FreeRTOS/stream_buffer.o
 .text          0x0000000000000000        0x0 build/default/production/FreeRTOS/tasks.o
 .data          0x0000000000000000        0x0 build/default/production/FreeRTOS/tasks.o
 .bss           0x0000000000000000        0x0 build/default/production/FreeRTOS/tasks.o
 .text.vTaskDelete
                0x0000000000000000       0xb8 build/default/production/FreeRTOS/tasks.o
 .text.vTaskPrioritySet
                0x0000000000000000      0x130 build/default/production/FreeRTOS/tasks.o
 .text.vTaskResume
                0x0000000000000000       0xe8 build/default/production/FreeRTOS/tasks.o
 .text.xTaskResumeFromISR
                0x0000000000000000      0x100 build/default/production/FreeRTOS/tasks.o
 .text.vTaskEndScheduler
                0x0000000000000000        0xc build/default/production/FreeRTOS/tasks.o
 .text.xTaskGetTickCount
                0x0000000000000000       0x1c build/default/production/FreeRTOS/tasks.o
 .text.xTaskGetTickCountFromISR
                0x0000000000000000       0x12 build/default/production/FreeRTOS/tasks.o
 .text.uxTaskGetNumberOfTasks
                0x0000000000000000        0x6 build/default/production/FreeRTOS/tasks.o
 .text.pcTaskGetName
                0x0000000000000000       0x10 build/default/production/FreeRTOS/tasks.o
 .text.xTaskDelayUntil
                0x0000000000000000       0xda build/default/production/FreeRTOS/tasks.o
 .text.vTaskDelay
                0x0000000000000000       0x38 build/default/production/FreeRTOS/tasks.o
 .text.xTaskCatchUpTicks
                0x0000000000000000       0x46 build/default/production/FreeRTOS/tasks.o
 .text.vTaskSuspend
                0x0000000000000000       0xa4 build/default/production/FreeRTOS/tasks.o
 .text.vTaskPlaceOnUnorderedEventList
                0x0000000000000000       0x96 build/default/production/FreeRTOS/tasks.o
 .text.vTaskRemoveFromUnorderedEventList
                0x0000000000000000      0x136 build/default/production/FreeRTOS/tasks.o
 .text.vTaskSetTimeOutState
                0x0000000000000000       0x2c build/default/production/FreeRTOS/tasks.o
 .text.uxTaskResetEventItemValue
                0x0000000000000000       0x54 build/default/production/FreeRTOS/tasks.o
 .text.ulTaskGenericNotifyTake
                0x0000000000000000      0x10c build/default/production/FreeRTOS/tasks.o
 .text.xTaskGenericNotifyWait
                0x0000000000000000      0x150 build/default/production/FreeRTOS/tasks.o
 .text.xTaskGenericNotify
                0x0000000000000000      0x1e8 build/default/production/FreeRTOS/tasks.o
 .text.xTaskGenericNotifyFromISR
                0x0000000000000000      0x23c build/default/production/FreeRTOS/tasks.o
 .text.vTaskGenericNotifyGiveFromISR
                0x0000000000000000      0x178 build/default/production/FreeRTOS/tasks.o
 .text.xTaskGenericNotifyStateClear
                0x0000000000000000       0x34 build/default/production/FreeRTOS/tasks.o
 .text.ulTaskGenericNotifyValueClear
                0x0000000000000000       0x68 build/default/production/FreeRTOS/tasks.o
 .text          0x0000000000000000        0x0 build/default/production/FreeRTOS/timers.o
 .data          0x0000000000000000        0x0 build/default/production/FreeRTOS/timers.o
 .bss           0x0000000000000000        0x0 build/default/production/FreeRTOS/timers.o
 .debug_info    0x0000000000000000      0x226 build/default/production/FreeRTOS/timers.o
 .debug_abbrev  0x0000000000000000       0x1b build/default/production/FreeRTOS/timers.o
 .debug_aranges
                0x0000000000000000       0x18 build/default/production/FreeRTOS/timers.o
 .debug_line    0x0000000000000000       0x1a build/default/production/FreeRTOS/timers.o
 .debug_str     0x0000000000000000        0x0 build/default/production/FreeRTOS/timers.o
 .comment       0x0000000000000000       0x30 build/default/production/FreeRTOS/timers.o
 .text          0x0000000000000000        0x0 build/default/production/mDrivers/mIO.o
 .data          0x0000000000000000        0x0 build/default/production/mDrivers/mIO.o
 .bss           0x0000000000000000        0x0 build/default/production/mDrivers/mIO.o
 .text.init_Leds
                0x0000000000000000        0xa build/default/production/mDrivers/mIO.o
 .text.init_Relay
                0x0000000000000000        0x4 build/default/production/mDrivers/mIO.o
 .text.init_Buzzer
                0x0000000000000000        0x4 build/default/production/mDrivers/mIO.o
 .text.set_Relay
                0x0000000000000000        0xc build/default/production/mDrivers/mIO.o
 .text.set_Buzzer
                0x0000000000000000        0xc build/default/production/mDrivers/mIO.o
 .text.set_Led  0x0000000000000000       0x3c build/default/production/mDrivers/mIO.o
 .text.init_Buttons
                0x0000000000000000        0x8 build/default/production/mDrivers/mIO.o
 .text.isPressed_B
                0x0000000000000000       0x18 build/default/production/mDrivers/mIO.o
 .text.isPressed
                0x0000000000000000       0x70 build/default/production/mDrivers/mIO.o
 .text.setPortDir
                0x0000000000000000       0x60 build/default/production/mDrivers/mIO.o
 .text.setPortData
                0x0000000000000000       0x2a build/default/production/mDrivers/mIO.o
 .text.togglePortData
                0x0000000000000000       0x3a build/default/production/mDrivers/mIO.o
 .text.setPinDir
                0x0000000000000000       0xf0 build/default/production/mDrivers/mIO.o
 .text.setPinData
                0x0000000000000000       0xf0 build/default/production/mDrivers/mIO.o
 .text.togglePinData
                0x0000000000000000       0x72 build/default/production/mDrivers/mIO.o
 .debug_info    0x0000000000000000      0x63b build/default/production/mDrivers/mIO.o
 .debug_abbrev  0x0000000000000000      0x186 build/default/production/mDrivers/mIO.o
 .debug_loc     0x0000000000000000      0x50c build/default/production/mDrivers/mIO.o
 .debug_aranges
                0x0000000000000000       0x90 build/default/production/mDrivers/mIO.o
 .debug_ranges  0x0000000000000000       0x80 build/default/production/mDrivers/mIO.o
 .debug_line    0x0000000000000000      0x407 build/default/production/mDrivers/mIO.o
 .debug_str     0x0000000000000000       0x15 build/default/production/mDrivers/mIO.o
 .comment       0x0000000000000000       0x30 build/default/production/mDrivers/mIO.o
 .debug_frame   0x0000000000000000      0x104 build/default/production/mDrivers/mIO.o
 .text          0x0000000000000000        0x0 build/default/production/mDrivers/mUART.o
 .data          0x0000000000000000        0x0 build/default/production/mDrivers/mUART.o
 .bss           0x0000000000000000        0x0 build/default/production/mDrivers/mUART.o
 .text.uart_receive
                0x0000000000000000        0x8 build/default/production/mDrivers/mUART.o
 .text          0x0000000000000000        0x0 build/default/production/mDrivers/mADC.o
 .data          0x0000000000000000        0x0 build/default/production/mDrivers/mADC.o
 .bss           0x0000000000000000        0x0 build/default/production/mDrivers/mADC.o
 .text.init_ADC
                0x0000000000000000       0x30 build/default/production/mDrivers/mADC.o
 .text.ADC_SC   0x0000000000000000        0x4 build/default/production/mDrivers/mADC.o
 .text.ADC_read
                0x0000000000000000        0xe build/default/production/mDrivers/mADC.o
 .text.init_Interrupt_ADC
                0x0000000000000000        0x4 build/default/production/mDrivers/mADC.o
 .debug_info    0x0000000000000000      0x2d6 build/default/production/mDrivers/mADC.o
 .debug_abbrev  0x0000000000000000       0x96 build/default/production/mDrivers/mADC.o
 .debug_loc     0x0000000000000000       0xa2 build/default/production/mDrivers/mADC.o
 .debug_aranges
                0x0000000000000000       0x38 build/default/production/mDrivers/mADC.o
 .debug_ranges  0x0000000000000000       0x28 build/default/production/mDrivers/mADC.o
 .debug_line    0x0000000000000000       0xfe build/default/production/mDrivers/mADC.o
 .debug_str     0x0000000000000000        0x0 build/default/production/mDrivers/mADC.o
 .comment       0x0000000000000000       0x30 build/default/production/mDrivers/mADC.o
 .debug_frame   0x0000000000000000       0x54 build/default/production/mDrivers/mADC.o
 .text          0x0000000000000000        0x0 c:/program files/microchip/xc8/v2.32/avr/bin/../lib/gcc/avr/5.4.0/../../../../avr/lib/avr5/memx-const\libm.a(addsf3.o)
 .data          0x0000000000000000        0x0 c:/program files/microchip/xc8/v2.32/avr/bin/../lib/gcc/avr/5.4.0/../../../../avr/lib/avr5/memx-const\libm.a(addsf3.o)
 .bss           0x0000000000000000        0x0 c:/program files/microchip/xc8/v2.32/avr/bin/../lib/gcc/avr/5.4.0/../../../../avr/lib/avr5/memx-const\libm.a(addsf3.o)
 .stack.descriptors
                0x0000000000000000       0x2c c:/program files/microchip/xc8/v2.32/avr/bin/../lib/gcc/avr/5.4.0/../../../../avr/lib/avr5/memx-const\libm.a(addsf3.o)
 .text          0x0000000000000000        0x0 c:/program files/microchip/xc8/v2.32/avr/bin/../lib/gcc/avr/5.4.0/../../../../avr/lib/avr5/memx-const\libm.a(addsf3x.o)
 .data          0x0000000000000000        0x0 c:/program files/microchip/xc8/v2.32/avr/bin/../lib/gcc/avr/5.4.0/../../../../avr/lib/avr5/memx-const\libm.a(addsf3x.o)
 .bss           0x0000000000000000        0x0 c:/program files/microchip/xc8/v2.32/avr/bin/../lib/gcc/avr/5.4.0/../../../../avr/lib/avr5/memx-const\libm.a(addsf3x.o)
 .stack.descriptors
                0x0000000000000000       0x17 c:/program files/microchip/xc8/v2.32/avr/bin/../lib/gcc/avr/5.4.0/../../../../avr/lib/avr5/memx-const\libm.a(addsf3x.o)
 .text          0x0000000000000000        0x0 c:/program files/microchip/xc8/v2.32/avr/bin/../lib/gcc/avr/5.4.0/../../../../avr/lib/avr5/memx-const\libm.a(divsf3.o)
 .data          0x0000000000000000        0x0 c:/program files/microchip/xc8/v2.32/avr/bin/../lib/gcc/avr/5.4.0/../../../../avr/lib/avr5/memx-const\libm.a(divsf3.o)
 .bss           0x0000000000000000        0x0 c:/program files/microchip/xc8/v2.32/avr/bin/../lib/gcc/avr/5.4.0/../../../../avr/lib/avr5/memx-const\libm.a(divsf3.o)
 .stack.descriptors
                0x0000000000000000       0x16 c:/program files/microchip/xc8/v2.32/avr/bin/../lib/gcc/avr/5.4.0/../../../../avr/lib/avr5/memx-const\libm.a(divsf3.o)
 .text          0x0000000000000000        0x0 c:/program files/microchip/xc8/v2.32/avr/bin/../lib/gcc/avr/5.4.0/../../../../avr/lib/avr5/memx-const\libm.a(divsf3x.o)
 .data          0x0000000000000000        0x0 c:/program files/microchip/xc8/v2.32/avr/bin/../lib/gcc/avr/5.4.0/../../../../avr/lib/avr5/memx-const\libm.a(divsf3x.o)
 .bss           0x0000000000000000        0x0 c:/program files/microchip/xc8/v2.32/avr/bin/../lib/gcc/avr/5.4.0/../../../../avr/lib/avr5/memx-const\libm.a(divsf3x.o)
 .stack.descriptors
                0x0000000000000000       0x31 c:/program files/microchip/xc8/v2.32/avr/bin/../lib/gcc/avr/5.4.0/../../../../avr/lib/avr5/memx-const\libm.a(divsf3x.o)
 .text          0x0000000000000000        0x0 c:/program files/microchip/xc8/v2.32/avr/bin/../lib/gcc/avr/5.4.0/../../../../avr/lib/avr5/memx-const\libm.a(fixsfsi.o)
 .data          0x0000000000000000        0x0 c:/program files/microchip/xc8/v2.32/avr/bin/../lib/gcc/avr/5.4.0/../../../../avr/lib/avr5/memx-const\libm.a(fixsfsi.o)
 .bss           0x0000000000000000        0x0 c:/program files/microchip/xc8/v2.32/avr/bin/../lib/gcc/avr/5.4.0/../../../../avr/lib/avr5/memx-const\libm.a(fixsfsi.o)
 .stack.descriptors
                0x0000000000000000       0x17 c:/program files/microchip/xc8/v2.32/avr/bin/../lib/gcc/avr/5.4.0/../../../../avr/lib/avr5/memx-const\libm.a(fixsfsi.o)
 .text          0x0000000000000000        0x0 c:/program files/microchip/xc8/v2.32/avr/bin/../lib/gcc/avr/5.4.0/../../../../avr/lib/avr5/memx-const\libm.a(fixunssfsi.o)
 .data          0x0000000000000000        0x0 c:/program files/microchip/xc8/v2.32/avr/bin/../lib/gcc/avr/5.4.0/../../../../avr/lib/avr5/memx-const\libm.a(fixunssfsi.o)
 .bss           0x0000000000000000        0x0 c:/program files/microchip/xc8/v2.32/avr/bin/../lib/gcc/avr/5.4.0/../../../../avr/lib/avr5/memx-const\libm.a(fixunssfsi.o)
 .stack.descriptors
                0x0000000000000000       0x1a c:/program files/microchip/xc8/v2.32/avr/bin/../lib/gcc/avr/5.4.0/../../../../avr/lib/avr5/memx-const\libm.a(fixunssfsi.o)
 .text          0x0000000000000000        0x0 c:/program files/microchip/xc8/v2.32/avr/bin/../lib/gcc/avr/5.4.0/../../../../avr/lib/avr5/memx-const\libm.a(floatsisf.o)
 .data          0x0000000000000000        0x0 c:/program files/microchip/xc8/v2.32/avr/bin/../lib/gcc/avr/5.4.0/../../../../avr/lib/avr5/memx-const\libm.a(floatsisf.o)
 .bss           0x0000000000000000        0x0 c:/program files/microchip/xc8/v2.32/avr/bin/../lib/gcc/avr/5.4.0/../../../../avr/lib/avr5/memx-const\libm.a(floatsisf.o)
 .stack.descriptors
                0x0000000000000000       0x34 c:/program files/microchip/xc8/v2.32/avr/bin/../lib/gcc/avr/5.4.0/../../../../avr/lib/avr5/memx-const\libm.a(floatsisf.o)
 .text          0x0000000000000000        0x0 c:/program files/microchip/xc8/v2.32/avr/bin/../lib/gcc/avr/5.4.0/../../../../avr/lib/avr5/memx-const\libm.a(fp_inf.o)
 .data          0x0000000000000000        0x0 c:/program files/microchip/xc8/v2.32/avr/bin/../lib/gcc/avr/5.4.0/../../../../avr/lib/avr5/memx-const\libm.a(fp_inf.o)
 .bss           0x0000000000000000        0x0 c:/program files/microchip/xc8/v2.32/avr/bin/../lib/gcc/avr/5.4.0/../../../../avr/lib/avr5/memx-const\libm.a(fp_inf.o)
 .stack.descriptors
                0x0000000000000000       0x16 c:/program files/microchip/xc8/v2.32/avr/bin/../lib/gcc/avr/5.4.0/../../../../avr/lib/avr5/memx-const\libm.a(fp_inf.o)
 .text          0x0000000000000000        0x0 c:/program files/microchip/xc8/v2.32/avr/bin/../lib/gcc/avr/5.4.0/../../../../avr/lib/avr5/memx-const\libm.a(fp_nan.o)
 .data          0x0000000000000000        0x0 c:/program files/microchip/xc8/v2.32/avr/bin/../lib/gcc/avr/5.4.0/../../../../avr/lib/avr5/memx-const\libm.a(fp_nan.o)
 .bss           0x0000000000000000        0x0 c:/program files/microchip/xc8/v2.32/avr/bin/../lib/gcc/avr/5.4.0/../../../../avr/lib/avr5/memx-const\libm.a(fp_nan.o)
 .stack.descriptors
                0x0000000000000000       0x16 c:/program files/microchip/xc8/v2.32/avr/bin/../lib/gcc/avr/5.4.0/../../../../avr/lib/avr5/memx-const\libm.a(fp_nan.o)
 .text          0x0000000000000000        0x0 c:/program files/microchip/xc8/v2.32/avr/bin/../lib/gcc/avr/5.4.0/../../../../avr/lib/avr5/memx-const\libm.a(fp_pscA.o)
 .data          0x0000000000000000        0x0 c:/program files/microchip/xc8/v2.32/avr/bin/../lib/gcc/avr/5.4.0/../../../../avr/lib/avr5/memx-const\libm.a(fp_pscA.o)
 .bss           0x0000000000000000        0x0 c:/program files/microchip/xc8/v2.32/avr/bin/../lib/gcc/avr/5.4.0/../../../../avr/lib/avr5/memx-const\libm.a(fp_pscA.o)
 .stack.descriptors
                0x0000000000000000       0x17 c:/program files/microchip/xc8/v2.32/avr/bin/../lib/gcc/avr/5.4.0/../../../../avr/lib/avr5/memx-const\libm.a(fp_pscA.o)
 .text          0x0000000000000000        0x0 c:/program files/microchip/xc8/v2.32/avr/bin/../lib/gcc/avr/5.4.0/../../../../avr/lib/avr5/memx-const\libm.a(fp_pscB.o)
 .data          0x0000000000000000        0x0 c:/program files/microchip/xc8/v2.32/avr/bin/../lib/gcc/avr/5.4.0/../../../../avr/lib/avr5/memx-const\libm.a(fp_pscB.o)
 .bss           0x0000000000000000        0x0 c:/program files/microchip/xc8/v2.32/avr/bin/../lib/gcc/avr/5.4.0/../../../../avr/lib/avr5/memx-const\libm.a(fp_pscB.o)
 .stack.descriptors
                0x0000000000000000       0x17 c:/program files/microchip/xc8/v2.32/avr/bin/../lib/gcc/avr/5.4.0/../../../../avr/lib/avr5/memx-const\libm.a(fp_pscB.o)
 .text          0x0000000000000000        0x0 c:/program files/microchip/xc8/v2.32/avr/bin/../lib/gcc/avr/5.4.0/../../../../avr/lib/avr5/memx-const\libm.a(fp_round.o)
 .data          0x0000000000000000        0x0 c:/program files/microchip/xc8/v2.32/avr/bin/../lib/gcc/avr/5.4.0/../../../../avr/lib/avr5/memx-const\libm.a(fp_round.o)
 .bss           0x0000000000000000        0x0 c:/program files/microchip/xc8/v2.32/avr/bin/../lib/gcc/avr/5.4.0/../../../../avr/lib/avr5/memx-const\libm.a(fp_round.o)
 .stack.descriptors
                0x0000000000000000       0x18 c:/program files/microchip/xc8/v2.32/avr/bin/../lib/gcc/avr/5.4.0/../../../../avr/lib/avr5/memx-const\libm.a(fp_round.o)
 .text          0x0000000000000000        0x0 c:/program files/microchip/xc8/v2.32/avr/bin/../lib/gcc/avr/5.4.0/../../../../avr/lib/avr5/memx-const\libm.a(fp_split3.o)
 .data          0x0000000000000000        0x0 c:/program files/microchip/xc8/v2.32/avr/bin/../lib/gcc/avr/5.4.0/../../../../avr/lib/avr5/memx-const\libm.a(fp_split3.o)
 .bss           0x0000000000000000        0x0 c:/program files/microchip/xc8/v2.32/avr/bin/../lib/gcc/avr/5.4.0/../../../../avr/lib/avr5/memx-const\libm.a(fp_split3.o)
 .stack.descriptors
                0x0000000000000000       0x32 c:/program files/microchip/xc8/v2.32/avr/bin/../lib/gcc/avr/5.4.0/../../../../avr/lib/avr5/memx-const\libm.a(fp_split3.o)
 .text          0x0000000000000000        0x0 c:/program files/microchip/xc8/v2.32/avr/bin/../lib/gcc/avr/5.4.0/../../../../avr/lib/avr5/memx-const\libm.a(fp_zero.o)
 .data          0x0000000000000000        0x0 c:/program files/microchip/xc8/v2.32/avr/bin/../lib/gcc/avr/5.4.0/../../../../avr/lib/avr5/memx-const\libm.a(fp_zero.o)
 .bss           0x0000000000000000        0x0 c:/program files/microchip/xc8/v2.32/avr/bin/../lib/gcc/avr/5.4.0/../../../../avr/lib/avr5/memx-const\libm.a(fp_zero.o)
 .stack.descriptors
                0x0000000000000000       0x2f c:/program files/microchip/xc8/v2.32/avr/bin/../lib/gcc/avr/5.4.0/../../../../avr/lib/avr5/memx-const\libm.a(fp_zero.o)
 .text          0x0000000000000000        0x0 c:/program files/microchip/xc8/v2.32/avr/bin/../lib/gcc/avr/5.4.0/avr5/memx-const\libgcc.a(_udivmodhi4.o)
 .data          0x0000000000000000        0x0 c:/program files/microchip/xc8/v2.32/avr/bin/../lib/gcc/avr/5.4.0/avr5/memx-const\libgcc.a(_udivmodhi4.o)
 .bss           0x0000000000000000        0x0 c:/program files/microchip/xc8/v2.32/avr/bin/../lib/gcc/avr/5.4.0/avr5/memx-const\libgcc.a(_udivmodhi4.o)
 .text.libgcc.mul
                0x0000000000000000        0x0 c:/program files/microchip/xc8/v2.32/avr/bin/../lib/gcc/avr/5.4.0/avr5/memx-const\libgcc.a(_udivmodhi4.o)
 .stack.descriptors
                0x0000000000000000       0x1a c:/program files/microchip/xc8/v2.32/avr/bin/../lib/gcc/avr/5.4.0/avr5/memx-const\libgcc.a(_udivmodhi4.o)
 .text.libgcc   0x0000000000000000        0x0 c:/program files/microchip/xc8/v2.32/avr/bin/../lib/gcc/avr/5.4.0/avr5/memx-const\libgcc.a(_udivmodhi4.o)
 .text.libgcc.prologue
                0x0000000000000000        0x0 c:/program files/microchip/xc8/v2.32/avr/bin/../lib/gcc/avr/5.4.0/avr5/memx-const\libgcc.a(_udivmodhi4.o)
 .text.libgcc.builtins
                0x0000000000000000        0x0 c:/program files/microchip/xc8/v2.32/avr/bin/../lib/gcc/avr/5.4.0/avr5/memx-const\libgcc.a(_udivmodhi4.o)
 .text.libgcc.fmul
                0x0000000000000000        0x0 c:/program files/microchip/xc8/v2.32/avr/bin/../lib/gcc/avr/5.4.0/avr5/memx-const\libgcc.a(_udivmodhi4.o)
 .text.libgcc.fixed
                0x0000000000000000        0x0 c:/program files/microchip/xc8/v2.32/avr/bin/../lib/gcc/avr/5.4.0/avr5/memx-const\libgcc.a(_udivmodhi4.o)
 .text          0x0000000000000000        0x0 c:/program files/microchip/xc8/v2.32/avr/bin/../lib/gcc/avr/5.4.0/avr5/memx-const\libgcc.a(_exit.o)
 .data          0x0000000000000000        0x0 c:/program files/microchip/xc8/v2.32/avr/bin/../lib/gcc/avr/5.4.0/avr5/memx-const\libgcc.a(_exit.o)
 .bss           0x0000000000000000        0x0 c:/program files/microchip/xc8/v2.32/avr/bin/../lib/gcc/avr/5.4.0/avr5/memx-const\libgcc.a(_exit.o)
 .text.libgcc.mul
                0x0000000000000000        0x0 c:/program files/microchip/xc8/v2.32/avr/bin/../lib/gcc/avr/5.4.0/avr5/memx-const\libgcc.a(_exit.o)
 .text.libgcc.div
                0x0000000000000000        0x0 c:/program files/microchip/xc8/v2.32/avr/bin/../lib/gcc/avr/5.4.0/avr5/memx-const\libgcc.a(_exit.o)
 .text.libgcc   0x0000000000000000        0x0 c:/program files/microchip/xc8/v2.32/avr/bin/../lib/gcc/avr/5.4.0/avr5/memx-const\libgcc.a(_exit.o)
 .text.libgcc.prologue
                0x0000000000000000        0x0 c:/program files/microchip/xc8/v2.32/avr/bin/../lib/gcc/avr/5.4.0/avr5/memx-const\libgcc.a(_exit.o)
 .stack.descriptors
                0x0000000000000000       0x13 c:/program files/microchip/xc8/v2.32/avr/bin/../lib/gcc/avr/5.4.0/avr5/memx-const\libgcc.a(_exit.o)
 .text.libgcc.builtins
                0x0000000000000000        0x0 c:/program files/microchip/xc8/v2.32/avr/bin/../lib/gcc/avr/5.4.0/avr5/memx-const\libgcc.a(_exit.o)
 .text.libgcc.fmul
                0x0000000000000000        0x0 c:/program files/microchip/xc8/v2.32/avr/bin/../lib/gcc/avr/5.4.0/avr5/memx-const\libgcc.a(_exit.o)
 .text.libgcc.fixed
                0x0000000000000000        0x0 c:/program files/microchip/xc8/v2.32/avr/bin/../lib/gcc/avr/5.4.0/avr5/memx-const\libgcc.a(_exit.o)
 .text          0x0000000000000000        0x0 c:/program files/microchip/xc8/v2.32/avr/bin/../lib/gcc/avr/5.4.0/avr5/memx-const\libgcc.a(_copy_data.o)
 .data          0x0000000000000000        0x0 c:/program files/microchip/xc8/v2.32/avr/bin/../lib/gcc/avr/5.4.0/avr5/memx-const\libgcc.a(_copy_data.o)
 .bss           0x0000000000000000        0x0 c:/program files/microchip/xc8/v2.32/avr/bin/../lib/gcc/avr/5.4.0/avr5/memx-const\libgcc.a(_copy_data.o)
 .text.libgcc.mul
                0x0000000000000000        0x0 c:/program files/microchip/xc8/v2.32/avr/bin/../lib/gcc/avr/5.4.0/avr5/memx-const\libgcc.a(_copy_data.o)
 .text.libgcc.div
                0x0000000000000000        0x0 c:/program files/microchip/xc8/v2.32/avr/bin/../lib/gcc/avr/5.4.0/avr5/memx-const\libgcc.a(_copy_data.o)
 .text.libgcc   0x0000000000000000        0x0 c:/program files/microchip/xc8/v2.32/avr/bin/../lib/gcc/avr/5.4.0/avr5/memx-const\libgcc.a(_copy_data.o)
 .text.libgcc.prologue
                0x0000000000000000        0x0 c:/program files/microchip/xc8/v2.32/avr/bin/../lib/gcc/avr/5.4.0/avr5/memx-const\libgcc.a(_copy_data.o)
 .text.libgcc.builtins
                0x0000000000000000        0x0 c:/program files/microchip/xc8/v2.32/avr/bin/../lib/gcc/avr/5.4.0/avr5/memx-const\libgcc.a(_copy_data.o)
 .text.libgcc.fmul
                0x0000000000000000        0x0 c:/program files/microchip/xc8/v2.32/avr/bin/../lib/gcc/avr/5.4.0/avr5/memx-const\libgcc.a(_copy_data.o)
 .text.libgcc.fixed
                0x0000000000000000        0x0 c:/program files/microchip/xc8/v2.32/avr/bin/../lib/gcc/avr/5.4.0/avr5/memx-const\libgcc.a(_copy_data.o)
 .text          0x0000000000000000        0x0 c:/program files/microchip/xc8/v2.32/avr/bin/../lib/gcc/avr/5.4.0/avr5/memx-const\libgcc.a(_xload_2.o)
 .data          0x0000000000000000        0x0 c:/program files/microchip/xc8/v2.32/avr/bin/../lib/gcc/avr/5.4.0/avr5/memx-const\libgcc.a(_xload_2.o)
 .bss           0x0000000000000000        0x0 c:/program files/microchip/xc8/v2.32/avr/bin/../lib/gcc/avr/5.4.0/avr5/memx-const\libgcc.a(_xload_2.o)
 .text.libgcc.mul
                0x0000000000000000        0x0 c:/program files/microchip/xc8/v2.32/avr/bin/../lib/gcc/avr/5.4.0/avr5/memx-const\libgcc.a(_xload_2.o)
 .text.libgcc.div
                0x0000000000000000        0x0 c:/program files/microchip/xc8/v2.32/avr/bin/../lib/gcc/avr/5.4.0/avr5/memx-const\libgcc.a(_xload_2.o)
 .text.libgcc.prologue
                0x0000000000000000        0x0 c:/program files/microchip/xc8/v2.32/avr/bin/../lib/gcc/avr/5.4.0/avr5/memx-const\libgcc.a(_xload_2.o)
 .stack.descriptors
                0x0000000000000000       0x17 c:/program files/microchip/xc8/v2.32/avr/bin/../lib/gcc/avr/5.4.0/avr5/memx-const\libgcc.a(_xload_2.o)
 .text.libgcc.builtins
                0x0000000000000000        0x0 c:/program files/microchip/xc8/v2.32/avr/bin/../lib/gcc/avr/5.4.0/avr5/memx-const\libgcc.a(_xload_2.o)
 .text.libgcc.fmul
                0x0000000000000000        0x0 c:/program files/microchip/xc8/v2.32/avr/bin/../lib/gcc/avr/5.4.0/avr5/memx-const\libgcc.a(_xload_2.o)
 .text.libgcc.fixed
                0x0000000000000000        0x0 c:/program files/microchip/xc8/v2.32/avr/bin/../lib/gcc/avr/5.4.0/avr5/memx-const\libgcc.a(_xload_2.o)
 .text          0x0000000000000000        0x0 c:/program files/microchip/xc8/v2.32/avr/bin/../lib/gcc/avr/5.4.0/avr5/memx-const\libgcc.a(_xload_4.o)
 .data          0x0000000000000000        0x0 c:/program files/microchip/xc8/v2.32/avr/bin/../lib/gcc/avr/5.4.0/avr5/memx-const\libgcc.a(_xload_4.o)
 .bss           0x0000000000000000        0x0 c:/program files/microchip/xc8/v2.32/avr/bin/../lib/gcc/avr/5.4.0/avr5/memx-const\libgcc.a(_xload_4.o)
 .text.libgcc.mul
                0x0000000000000000        0x0 c:/program files/microchip/xc8/v2.32/avr/bin/../lib/gcc/avr/5.4.0/avr5/memx-const\libgcc.a(_xload_4.o)
 .text.libgcc.div
                0x0000000000000000        0x0 c:/program files/microchip/xc8/v2.32/avr/bin/../lib/gcc/avr/5.4.0/avr5/memx-const\libgcc.a(_xload_4.o)
 .text.libgcc   0x0000000000000000       0x18 c:/program files/microchip/xc8/v2.32/avr/bin/../lib/gcc/avr/5.4.0/avr5/memx-const\libgcc.a(_xload_4.o)
 .text.libgcc.prologue
                0x0000000000000000        0x0 c:/program files/microchip/xc8/v2.32/avr/bin/../lib/gcc/avr/5.4.0/avr5/memx-const\libgcc.a(_xload_4.o)
 .stack.descriptors.hdr
                0x0000000000000000        0xe c:/program files/microchip/xc8/v2.32/avr/bin/../lib/gcc/avr/5.4.0/avr5/memx-const\libgcc.a(_xload_4.o)
 .stack.descriptors
                0x0000000000000000       0x17 c:/program files/microchip/xc8/v2.32/avr/bin/../lib/gcc/avr/5.4.0/avr5/memx-const\libgcc.a(_xload_4.o)
 .text.libgcc.builtins
                0x0000000000000000        0x0 c:/program files/microchip/xc8/v2.32/avr/bin/../lib/gcc/avr/5.4.0/avr5/memx-const\libgcc.a(_xload_4.o)
 .text.libgcc.fmul
                0x0000000000000000        0x0 c:/program files/microchip/xc8/v2.32/avr/bin/../lib/gcc/avr/5.4.0/avr5/memx-const\libgcc.a(_xload_4.o)
 .text.libgcc.fixed
                0x0000000000000000        0x0 c:/program files/microchip/xc8/v2.32/avr/bin/../lib/gcc/avr/5.4.0/avr5/memx-const\libgcc.a(_xload_4.o)
 .text          0x0000000000000000        0x0 c:/program files/microchip/xc8/v2.32/avr/bin/../lib/gcc/avr/5.4.0/../../../../avr/lib/avr5/memx-const\libc.a(memcpy_M.o)
 .data          0x0000000000000000        0x0 c:/program files/microchip/xc8/v2.32/avr/bin/../lib/gcc/avr/5.4.0/../../../../avr/lib/avr5/memx-const\libc.a(memcpy_M.o)
 .bss           0x0000000000000000        0x0 c:/program files/microchip/xc8/v2.32/avr/bin/../lib/gcc/avr/5.4.0/../../../../avr/lib/avr5/memx-const\libc.a(memcpy_M.o)
 .stack.descriptors
                0x0000000000000000       0x14 c:/program files/microchip/xc8/v2.32/avr/bin/../lib/gcc/avr/5.4.0/../../../../avr/lib/avr5/memx-const\libc.a(memcpy_M.o)
 .text          0x0000000000000000        0x0 c:/program files/microchip/xc8/v2.32/avr/bin/../lib/gcc/avr/5.4.0/../../../../avr/lib/avr5/memx-const\libc.a(itoa_ncheck.o)
 .data          0x0000000000000000        0x0 c:/program files/microchip/xc8/v2.32/avr/bin/../lib/gcc/avr/5.4.0/../../../../avr/lib/avr5/memx-const\libc.a(itoa_ncheck.o)
 .bss           0x0000000000000000        0x0 c:/program files/microchip/xc8/v2.32/avr/bin/../lib/gcc/avr/5.4.0/../../../../avr/lib/avr5/memx-const\libc.a(itoa_ncheck.o)
 .stack.descriptors
                0x0000000000000000       0x1b c:/program files/microchip/xc8/v2.32/avr/bin/../lib/gcc/avr/5.4.0/../../../../avr/lib/avr5/memx-const\libc.a(itoa_ncheck.o)
 .text          0x0000000000000000        0x0 c:/program files/microchip/xc8/v2.32/avr/bin/../lib/gcc/avr/5.4.0/../../../../avr/lib/avr5/memx-const\libc.a(utoa_ncheck.o)
 .data          0x0000000000000000        0x0 c:/program files/microchip/xc8/v2.32/avr/bin/../lib/gcc/avr/5.4.0/../../../../avr/lib/avr5/memx-const\libc.a(utoa_ncheck.o)
 .bss           0x0000000000000000        0x0 c:/program files/microchip/xc8/v2.32/avr/bin/../lib/gcc/avr/5.4.0/../../../../avr/lib/avr5/memx-const\libc.a(utoa_ncheck.o)
 .stack.descriptors
                0x0000000000000000       0x36 c:/program files/microchip/xc8/v2.32/avr/bin/../lib/gcc/avr/5.4.0/../../../../avr/lib/avr5/memx-const\libc.a(utoa_ncheck.o)
 .text          0x0000000000000000        0x0 c:/program files/microchip/xc8/v2.32/avr/bin/../lib/gcc/avr/5.4.0/../../../../avr/lib/avr5/memx-const\libc.a(strrev.o)
 .data          0x0000000000000000        0x0 c:/program files/microchip/xc8/v2.32/avr/bin/../lib/gcc/avr/5.4.0/../../../../avr/lib/avr5/memx-const\libc.a(strrev.o)
 .bss           0x0000000000000000        0x0 c:/program files/microchip/xc8/v2.32/avr/bin/../lib/gcc/avr/5.4.0/../../../../avr/lib/avr5/memx-const\libc.a(strrev.o)
 .stack.descriptors
                0x0000000000000000       0x14 c:/program files/microchip/xc8/v2.32/avr/bin/../lib/gcc/avr/5.4.0/../../../../avr/lib/avr5/memx-const\libc.a(strrev.o)

Memory Configuration

Name             Origin             Length             Attributes
text             0x0000000000000000 0x0000000000008000 xr
data             0x0000000000800060 0x0000000000000800 rw !x
eeprom           0x0000000000810000 0x0000000000000400 rw !x
fuse             0x0000000000820000 0x0000000000000002 rw !x
lock             0x0000000000830000 0x0000000000000400 rw !x
signature        0x0000000000840000 0x0000000000000400 rw !x
user_signatures  0x0000000000850000 0x0000000000000400 rw !x
*default*        0x0000000000000000 0xffffffffffffffff

Linker script and memory map

LOAD C:/Program Files/Microchip/MPLABX/v5.50/packs/Microchip/ATmega_DFP/2.3.126/xc8/avr/lib/avr5/memx-const/crtatmega32a.o
                0x0000000000000001                __MPLAB_BUILD = 0x1
LOAD build/default/production/main.o
LOAD build/default/production/FreeRTOS/croutine.o
LOAD build/default/production/FreeRTOS/event_groups.o
LOAD build/default/production/FreeRTOS/heap_4.o
LOAD build/default/production/FreeRTOS/list.o
LOAD build/default/production/FreeRTOS/port.o
LOAD build/default/production/FreeRTOS/queue.o
LOAD build/default/production/FreeRTOS/stream_buffer.o
LOAD build/default/production/FreeRTOS/tasks.o
LOAD build/default/production/FreeRTOS/timers.o
LOAD build/default/production/mDrivers/mIO.o
LOAD build/default/production/mDrivers/mUART.o
LOAD build/default/production/mDrivers/mADC.o
START GROUP
LOAD c:/program files/microchip/xc8/v2.32/avr/bin/../lib/gcc/avr/5.4.0/../../../../avr/lib/avr5/memx-const\libm.a
END GROUP
START GROUP
LOAD c:/program files/microchip/xc8/v2.32/avr/bin/../lib/gcc/avr/5.4.0/avr5/memx-const\libgcc.a
LOAD c:/program files/microchip/xc8/v2.32/avr/bin/../lib/gcc/avr/5.4.0/../../../../avr/lib/avr5/memx-const\libm.a
LOAD c:/program files/microchip/xc8/v2.32/avr/bin/../lib/gcc/avr/5.4.0/../../../../avr/lib/avr5/memx-const\libc.a
LOAD C:/Program Files/Microchip/MPLABX/v5.50/packs/Microchip/ATmega_DFP/2.3.126/xc8/avr/lib/avr5/memx-const\libatmega32a.a
END GROUP
                [0x0000000000000000]                __TEXT_REGION_ORIGIN__ = DEFINED (__TEXT_REGION_ORIGIN__)?__TEXT_REGION_ORIGIN__:0x0
                [0x0000000000800060]                __DATA_REGION_ORIGIN__ = DEFINED (__DATA_REGION_ORIGIN__)?__DATA_REGION_ORIGIN__:0x800060
                [0x0000000000008000]                __TEXT_REGION_LENGTH__ = DEFINED (__TEXT_REGION_LENGTH__)?__TEXT_REGION_LENGTH__:0x20000
                [0x0000000000000800]                __DATA_REGION_LENGTH__ = DEFINED (__DATA_REGION_LENGTH__)?__DATA_REGION_LENGTH__:0xffa0
                [0x0000000000000400]                __EEPROM_REGION_LENGTH__ = DEFINED (__EEPROM_REGION_LENGTH__)?__EEPROM_REGION_LENGTH__:0x10000
                [0x0000000000000002]                __FUSE_REGION_LENGTH__ = DEFINED (__FUSE_REGION_LENGTH__)?__FUSE_REGION_LENGTH__:0x400
                0x0000000000000400                __LOCK_REGION_LENGTH__ = DEFINED (__LOCK_REGION_LENGTH__)?__LOCK_REGION_LENGTH__:0x400
                0x0000000000000400                __SIGNATURE_REGION_LENGTH__ = DEFINED (__SIGNATURE_REGION_LENGTH__)?__SIGNATURE_REGION_LENGTH__:0x400
                0x0000000000000400                __USER_SIGNATURE_REGION_LENGTH__ = DEFINED (__USER_SIGNATURE_REGION_LENGTH__)?__USER_SIGNATURE_REGION_LENGTH__:0x400

.hash
 *(.hash)

.dynsym
 *(.dynsym)

.dynstr
 *(.dynstr)

.gnu.version
 *(.gnu.version)

.gnu.version_d
 *(.gnu.version_d)

.gnu.version_r
 *(.gnu.version_r)

.rel.init
 *(.rel.init)

.rela.init
 *(.rela.init)

.rel.text
 *(.rel.text)
 *(.rel.text.*)
 *(.rel.gnu.linkonce.t*)

.rela.text
 *(.rela.text)
 *(.rela.text.*)
 *(.rela.gnu.linkonce.t*)

.rel.fini
 *(.rel.fini)

.rela.fini
 *(.rela.fini)

.rel.rodata
 *(.rel.rodata)
 *(.rel.rodata.*)
 *(.rel.gnu.linkonce.r*)

.rela.rodata
 *(.rela.rodata)
 *(.rela.rodata.*)
 *(.rela.gnu.linkonce.r*)

.rel.data
 *(.rel.data)
 *(.rel.data.*)
 *(.rel.gnu.linkonce.d*)

.rela.data
 *(.rela.data)
 *(.rela.data.*)
 *(.rela.gnu.linkonce.d*)

.rel.ctors
 *(.rel.ctors)

.rela.ctors
 *(.rela.ctors)

.rel.dtors
 *(.rel.dtors)

.rela.dtors
 *(.rela.dtors)

.rel.got
 *(.rel.got)

.rela.got
 *(.rela.got)

.rel.bss
 *(.rel.bss)

.rela.bss
 *(.rela.bss)

.rel.plt
 *(.rel.plt)

.rela.plt
 *(.rela.plt)

.text           0x0000000000000000       0xae
 *(.vectors)
 .vectors       0x0000000000000000       0x54 C:/Program Files/Microchip/MPLABX/v5.50/packs/Microchip/ATmega_DFP/2.3.126/xc8/avr/lib/avr5/memx-const/crtatmega32a.o
                0x0000000000000000                __vector_default
                0x0000000000000000                __vectors
 *(.vectors)
 *(.progmem.gcc*)
 *(.dinit)
 .dinit         0x0000000000000054        0x5 data_init
                0x000000000000005a                . = ALIGN (0x2)
 *fill*         0x0000000000000059        0x1 
                0x000000000000005a                __trampolines_start = .
 *(.trampolines)
 .trampolines   0x000000000000005a        0x0 linker stubs
 *(.trampolines*)
                0x000000000000005a                __trampolines_end = .
 *libprintf_flt.a:*(.progmem.data)
 *libc.a:*(.progmem.data)
                0x000000000000005a                . = ALIGN (0x2)
 *(.jumptables)
 *(.jumptables*)
 *(.lowtext)
 *(.lowtext*)
                0x000000000000005a                __ctors_start = .
 *(.ctors)
                0x000000000000005a                __ctors_end = .
                0x000000000000005a                __dtors_start = .
 *(.dtors)
                0x000000000000005a                __dtors_end = .
 SORT(*)(.ctors)
 SORT(*)(.dtors)
 *(.init0)
 .init0         0x000000000000005a        0x0 C:/Program Files/Microchip/MPLABX/v5.50/packs/Microchip/ATmega_DFP/2.3.126/xc8/avr/lib/avr5/memx-const/crtatmega32a.o
                0x000000000000005a                __init
 *(.init0)
 *(.init1)
 *(.init1)
 *(.init2)
 .init2         0x000000000000005a        0xc C:/Program Files/Microchip/MPLABX/v5.50/packs/Microchip/ATmega_DFP/2.3.126/xc8/avr/lib/avr5/memx-const/crtatmega32a.o
 *(.init2)
 *(.init3)
 *(.init3)
 *(.init4)
 .init4         0x0000000000000066       0x3c c:/program files/microchip/xc8/v2.32/avr/bin/../lib/gcc/avr/5.4.0/avr5/memx-const\libgcc.a(_copy_data.o)
                0x0000000000000066                __do_copy_data
                0x0000000000000094                __do_clear_bss
 *(.init4)
 *(.init5)
 *(.init5)
 *(.init6)
 *(.init6)
 *(.init7)
 *(.init7)
 *(.init8)
 *(.init8)
 *(.init9)
 .init9         0x00000000000000a2        0x8 C:/Program Files/Microchip/MPLABX/v5.50/packs/Microchip/ATmega_DFP/2.3.126/xc8/avr/lib/avr5/memx-const/crtatmega32a.o
 *(.init9)
                0x00000000000000aa                . = ALIGN (0x2)
 *(.fini9)
 .fini9         0x00000000000000aa        0x0 c:/program files/microchip/xc8/v2.32/avr/bin/../lib/gcc/avr/5.4.0/avr5/memx-const\libgcc.a(_exit.o)
                0x00000000000000aa                _exit
                0x00000000000000aa                exit
 *(.fini9)
 *(.fini8)
 *(.fini8)
 *(.fini7)
 *(.fini7)
 *(.fini6)
 *(.fini6)
 *(.fini5)
 *(.fini5)
 *(.fini4)
 *(.fini4)
 *(.fini3)
 *(.fini3)
 *(.fini2)
 *(.fini2)
 *(.fini1)
 *(.fini1)
 *(.fini0)
 .fini0         0x00000000000000aa        0x4 c:/program files/microchip/xc8/v2.32/avr/bin/../lib/gcc/avr/5.4.0/avr5/memx-const\libgcc.a(_exit.o)
 *(.fini0)
                0x00000000000000ae                _etext = .

.data           0x0000000000800060        0x0 load address 0x00000000000000ae
                [!provide]                        PROVIDE (__data_start, .)
 *(.gnu.linkonce.d*)
 *(.gnu.linkonce.r*)
                0x0000000000800060                . = ALIGN (0x2)
                0x0000000000800060                _edata = .
                [!provide]                        PROVIDE (__data_end, .)

.bss            0x0000000000800060        0x4
                [!provide]                        PROVIDE (__bss_start, .)
 *(COMMON)
 COMMON         0x0000000000800060        0x4 build/default/production/main.o
                0x0000000000800060                Queue_Handler
                0x0000000000800062                T1_Handler
                [!provide]                        PROVIDE (__bss_end, .)
                0x00000000000000ae                __data_load_start = LOADADDR (.data)
                0x00000000000000ae                __data_load_end = (__data_load_start + SIZEOF (.data))

.noinit         0x0000000000800064        0x0
                [!provide]                        PROVIDE (__noinit_start, .)
 *(.noinit*)
                [!provide]                        PROVIDE (__noinit_end, .)
                0x0000000000800064                _end = .

.eeprom         0x0000000000810000        0x0
 *(.eeprom*)
                0x0000000000810000                __eeprom_end = .

.fuse
 *(.fuse)
 *(.lfuse)
 *(.hfuse)
 *(.efuse)

.lock
 *(.lock*)

.signature
 *(.signature*)

.user_signatures
 *(.user_signatures*)

.stab
 *(.stab)

.stabstr
 *(.stabstr)

.stab.excl
 *(.stab.excl)

.stab.exclstr
 *(.stab.exclstr)

.stab.index
 *(.stab.index)

.stab.indexstr
 *(.stab.indexstr)

.comment        0x0000000000000000       0x5b
 *(.comment)
 .comment       0x0000000000000000       0x2f build/default/production/main.o
                                         0x30 (size before relaxing)
 .comment       0x000000000000002f       0x30 build/default/production/FreeRTOS/heap_4.o
 .comment       0x000000000000002f       0x30 build/default/production/FreeRTOS/list.o
 .comment       0x000000000000002f       0x30 build/default/production/FreeRTOS/port.o
 .comment       0x000000000000002f       0x30 build/default/production/FreeRTOS/queue.o
 .comment       0x000000000000002f       0x30 build/default/production/FreeRTOS/tasks.o
 .comment       0x000000000000002f       0x30 build/default/production/mDrivers/mUART.o
 .comment       0x000000000000002f       0x2c c:/program files/microchip/xc8/v2.32/avr/bin/../lib/gcc/avr/5.4.0/../../../../avr/lib/avr5/memx-const\libc.a(memcpy_M.o)
                                         0x2d (size before relaxing)

.stack.descriptors.hdr
                0x0000000000000000      0x126
 .stack.descriptors.hdr
                0x0000000000000000        0xe c:/program files/microchip/xc8/v2.32/avr/bin/../lib/gcc/avr/5.4.0/../../../../avr/lib/avr5/memx-const\libm.a(addsf3.o)
 .stack.descriptors.hdr
                0x000000000000000e        0xe c:/program files/microchip/xc8/v2.32/avr/bin/../lib/gcc/avr/5.4.0/../../../../avr/lib/avr5/memx-const\libm.a(addsf3x.o)
 .stack.descriptors.hdr
                0x000000000000001c        0xe c:/program files/microchip/xc8/v2.32/avr/bin/../lib/gcc/avr/5.4.0/../../../../avr/lib/avr5/memx-const\libm.a(divsf3.o)
 .stack.descriptors.hdr
                0x000000000000002a        0xe c:/program files/microchip/xc8/v2.32/avr/bin/../lib/gcc/avr/5.4.0/../../../../avr/lib/avr5/memx-const\libm.a(divsf3x.o)
 .stack.descriptors.hdr
                0x0000000000000038        0xe c:/program files/microchip/xc8/v2.32/avr/bin/../lib/gcc/avr/5.4.0/../../../../avr/lib/avr5/memx-const\libm.a(fixsfsi.o)
 .stack.descriptors.hdr
                0x0000000000000046        0xe c:/program files/microchip/xc8/v2.32/avr/bin/../lib/gcc/avr/5.4.0/../../../../avr/lib/avr5/memx-const\libm.a(fixunssfsi.o)
 .stack.descriptors.hdr
                0x0000000000000054        0xe c:/program files/microchip/xc8/v2.32/avr/bin/../lib/gcc/avr/5.4.0/../../../../avr/lib/avr5/memx-const\libm.a(floatsisf.o)
 .stack.descriptors.hdr
                0x0000000000000062        0xe c:/program files/microchip/xc8/v2.32/avr/bin/../lib/gcc/avr/5.4.0/../../../../avr/lib/avr5/memx-const\libm.a(fp_inf.o)
 .stack.descriptors.hdr
                0x0000000000000070        0xe c:/program files/microchip/xc8/v2.32/avr/bin/../lib/gcc/avr/5.4.0/../../../../avr/lib/avr5/memx-const\libm.a(fp_nan.o)
 .stack.descriptors.hdr
                0x000000000000007e        0xe c:/program files/microchip/xc8/v2.32/avr/bin/../lib/gcc/avr/5.4.0/../../../../avr/lib/avr5/memx-const\libm.a(fp_pscA.o)
 .stack.descriptors.hdr
                0x000000000000008c        0xe c:/program files/microchip/xc8/v2.32/avr/bin/../lib/gcc/avr/5.4.0/../../../../avr/lib/avr5/memx-const\libm.a(fp_pscB.o)
 .stack.descriptors.hdr
                0x000000000000009a        0xe c:/program files/microchip/xc8/v2.32/avr/bin/../lib/gcc/avr/5.4.0/../../../../avr/lib/avr5/memx-const\libm.a(fp_round.o)
 .stack.descriptors.hdr
                0x00000000000000a8        0xe c:/program files/microchip/xc8/v2.32/avr/bin/../lib/gcc/avr/5.4.0/../../../../avr/lib/avr5/memx-const\libm.a(fp_split3.o)
 .stack.descriptors.hdr
                0x00000000000000b6        0xe c:/program files/microchip/xc8/v2.32/avr/bin/../lib/gcc/avr/5.4.0/../../../../avr/lib/avr5/memx-const\libm.a(fp_zero.o)
 .stack.descriptors.hdr
                0x00000000000000c4        0xe c:/program files/microchip/xc8/v2.32/avr/bin/../lib/gcc/avr/5.4.0/avr5/memx-const\libgcc.a(_udivmodhi4.o)
 .stack.descriptors.hdr
                0x00000000000000d2        0xe c:/program files/microchip/xc8/v2.32/avr/bin/../lib/gcc/avr/5.4.0/avr5/memx-const\libgcc.a(_exit.o)
 .stack.descriptors.hdr
                0x00000000000000e0        0xe c:/program files/microchip/xc8/v2.32/avr/bin/../lib/gcc/avr/5.4.0/avr5/memx-const\libgcc.a(_xload_2.o)
 .stack.descriptors.hdr
                0x00000000000000ee        0xe c:/program files/microchip/xc8/v2.32/avr/bin/../lib/gcc/avr/5.4.0/../../../../avr/lib/avr5/memx-const\libc.a(memcpy_M.o)
 .stack.descriptors.hdr
                0x00000000000000fc        0xe c:/program files/microchip/xc8/v2.32/avr/bin/../lib/gcc/avr/5.4.0/../../../../avr/lib/avr5/memx-const\libc.a(itoa_ncheck.o)
 .stack.descriptors.hdr
                0x000000000000010a        0xe c:/program files/microchip/xc8/v2.32/avr/bin/../lib/gcc/avr/5.4.0/../../../../avr/lib/avr5/memx-const\libc.a(utoa_ncheck.o)
 .stack.descriptors.hdr
                0x0000000000000118        0xe c:/program files/microchip/xc8/v2.32/avr/bin/../lib/gcc/avr/5.4.0/../../../../avr/lib/avr5/memx-const\libc.a(strrev.o)

.note.gnu.build-id
 *(.note.gnu.build-id)

.debug
 *(.debug)

.line
 *(.line)

.debug_srcinfo
 *(.debug_srcinfo)

.debug_sfnames
 *(.debug_sfnames)

.debug_aranges  0x0000000000000000      0x348
 *(.debug_aranges)
 .debug_aranges
                0x0000000000000000       0x30 build/default/production/main.o
 .debug_aranges
                0x0000000000000030       0x50 build/default/production/FreeRTOS/heap_4.o
 .debug_aranges
                0x0000000000000080       0x40 build/default/production/FreeRTOS/list.o
 .debug_aranges
                0x00000000000000c0       0x48 build/default/production/FreeRTOS/port.o
 .debug_aranges
                0x0000000000000108       0xb8 build/default/production/FreeRTOS/queue.o
 .debug_aranges
                0x00000000000001c0      0x148 build/default/production/FreeRTOS/tasks.o
 .debug_aranges
                0x0000000000000308       0x40 build/default/production/mDrivers/mUART.o

.debug_pubnames
 *(.debug_pubnames)

.debug_info     0x0000000000000000     0x5ff4
 *(.debug_info .gnu.linkonce.wi.*)
 .debug_info    0x0000000000000000      0x4e6 C:/Program Files/Microchip/MPLABX/v5.50/packs/Microchip/ATmega_DFP/2.3.126/xc8/avr/lib/avr5/memx-const/crtatmega32a.o
 .debug_info    0x00000000000004e6      0x5c4 build/default/production/main.o
 .debug_info    0x0000000000000aaa      0x83f build/default/production/FreeRTOS/heap_4.o
 .debug_info    0x00000000000012e9      0x538 build/default/production/FreeRTOS/list.o
 .debug_info    0x0000000000001821      0x4d9 build/default/production/FreeRTOS/port.o
 .debug_info    0x0000000000001cfa     0x1874 build/default/production/FreeRTOS/queue.o
 .debug_info    0x000000000000356e     0x25fc build/default/production/FreeRTOS/tasks.o
 .debug_info    0x0000000000005b6a      0x48a build/default/production/mDrivers/mUART.o

.debug_abbrev   0x0000000000000000     0x116e
 *(.debug_abbrev)
 .debug_abbrev  0x0000000000000000      0x4a3 C:/Program Files/Microchip/MPLABX/v5.50/packs/Microchip/ATmega_DFP/2.3.126/xc8/avr/lib/avr5/memx-const/crtatmega32a.o
 .debug_abbrev  0x00000000000004a3      0x123 build/default/production/main.o
 .debug_abbrev  0x00000000000005c6      0x1eb build/default/production/FreeRTOS/heap_4.o
 .debug_abbrev  0x00000000000007b1      0x107 build/default/production/FreeRTOS/list.o
 .debug_abbrev  0x00000000000008b8      0x14a build/default/production/FreeRTOS/port.o
 .debug_abbrev  0x0000000000000a02      0x299 build/default/production/FreeRTOS/queue.o
 .debug_abbrev  0x0000000000000c9b      0x350 build/default/production/FreeRTOS/tasks.o
 .debug_abbrev  0x0000000000000feb      0x183 build/default/production/mDrivers/mUART.o

.debug_line     0x0000000000000000     0x2669
 *(.debug_line .debug_line.* .debug_line_end)
 .debug_line    0x0000000000000000      0x119 C:/Program Files/Microchip/MPLABX/v5.50/packs/Microchip/ATmega_DFP/2.3.126/xc8/avr/lib/avr5/memx-const/crtatmega32a.o
 .debug_line    0x0000000000000119      0x13a build/default/production/main.o
 .debug_line    0x0000000000000253      0x385 build/default/production/FreeRTOS/heap_4.o
 .debug_line    0x00000000000005d8      0x1b3 build/default/production/FreeRTOS/list.o
 .debug_line    0x000000000000078b      0x26b build/default/production/FreeRTOS/port.o
 .debug_line    0x00000000000009f6      0xa3e build/default/production/FreeRTOS/queue.o
 .debug_line    0x0000000000001434     0x10e4 build/default/production/FreeRTOS/tasks.o
 .debug_line    0x0000000000002518      0x151 build/default/production/mDrivers/mUART.o

.debug_frame    0x0000000000000000      0xbf8
 *(.debug_frame)
 .debug_frame   0x0000000000000000       0x74 build/default/production/main.o
 .debug_frame   0x0000000000000074       0xec build/default/production/FreeRTOS/heap_4.o
 .debug_frame   0x0000000000000160       0x90 build/default/production/FreeRTOS/list.o
 .debug_frame   0x00000000000001f0       0x74 build/default/production/FreeRTOS/port.o
 .debug_frame   0x0000000000000264      0x348 build/default/production/FreeRTOS/queue.o
 .debug_frame   0x00000000000005ac      0x5cc build/default/production/FreeRTOS/tasks.o
 .debug_frame   0x0000000000000b78       0x80 build/default/production/mDrivers/mUART.o

.debug_str      0x0000000000000000      0x730
 *(.debug_str)
 .debug_str     0x0000000000000000      0x196 C:/Program Files/Microchip/MPLABX/v5.50/packs/Microchip/ATmega_DFP/2.3.126/xc8/avr/lib/avr5/memx-const/crtatmega32a.o
 .debug_str     0x0000000000000196       0x8c build/default/production/main.o
 .debug_str     0x0000000000000222       0x76 build/default/production/FreeRTOS/heap_4.o
 .debug_str     0x0000000000000298       0x2b build/default/production/FreeRTOS/list.o
 .debug_str     0x00000000000002c3       0x26 build/default/production/FreeRTOS/port.o
 .debug_str     0x00000000000002e9      0x1ec build/default/production/FreeRTOS/queue.o
 .debug_str     0x00000000000004d5      0x24d build/default/production/FreeRTOS/tasks.o
 .debug_str     0x0000000000000722        0xe build/default/production/mDrivers/mUART.o

.debug_loc      0x0000000000000000     0x366e
 *(.debug_loc)
 .debug_loc     0x0000000000000000       0x6f build/default/production/main.o
 .debug_loc     0x000000000000006f      0x3dc build/default/production/FreeRTOS/heap_4.o
 .debug_loc     0x000000000000044b       0xd6 build/default/production/FreeRTOS/list.o
 .debug_loc     0x0000000000000521      0x2a0 build/default/production/FreeRTOS/port.o
 .debug_loc     0x00000000000007c1     0x12ad build/default/production/FreeRTOS/queue.o
 .debug_loc     0x0000000000001a6e     0x1a8a build/default/production/FreeRTOS/tasks.o
 .debug_loc     0x00000000000034f8      0x176 build/default/production/mDrivers/mUART.o

.debug_macinfo
 *(.debug_macinfo)

.debug_weaknames
 *(.debug_weaknames)

.debug_funcnames
 *(.debug_funcnames)

.debug_typenames
 *(.debug_typenames)

.debug_varnames
 *(.debug_varnames)

.debug_pubtypes
 *(.debug_pubtypes)

.debug_ranges   0x0000000000000000      0x430
 *(.debug_ranges)
 .debug_ranges  0x0000000000000000       0x20 build/default/production/main.o
 .debug_ranges  0x0000000000000020       0x40 build/default/production/FreeRTOS/heap_4.o
 .debug_ranges  0x0000000000000060       0x30 build/default/production/FreeRTOS/list.o
 .debug_ranges  0x0000000000000090       0x38 build/default/production/FreeRTOS/port.o
 .debug_ranges  0x00000000000000c8      0x150 build/default/production/FreeRTOS/queue.o
 .debug_ranges  0x0000000000000218      0x1e8 build/default/production/FreeRTOS/tasks.o
 .debug_ranges  0x0000000000000400       0x30 build/default/production/mDrivers/mUART.o

.debug_macro
 *(.debug_macro)
OUTPUT(dist/default/production/Alex22_RTOS.X.production.elf elf32-avr)
LOAD linker stubs
LOAD data_init

.note.gnu.avr.deviceinfo
                0x0000000000000000       0x3c
 .note.gnu.avr.deviceinfo
                0x0000000000000000       0x3c C:/Program Files/Microchip/MPLABX/v5.50/packs/Microchip/ATmega_DFP/2.3.126/xc8/avr/lib/avr5/memx-const/crtatmega32a.o

.bss.xBlockAllocatedBit
                0x00000000008006be        0x2
 .bss.xBlockAllocatedBit
                0x00000000008006be        0x2 build/default/production/FreeRTOS/heap_4.o

.bss.xNumberOfSuccessfulFrees
                0x00000000008006c0        0x2
 .bss.xNumberOfSuccessfulFrees
                0x00000000008006c0        0x2 build/default/production/FreeRTOS/heap_4.o

.bss.xNumberOfSuccessfulAllocations
                0x00000000008006c2        0x2
 .bss.xNumberOfSuccessfulAllocations
                0x00000000008006c2        0x2 build/default/production/FreeRTOS/heap_4.o

.bss.xMinimumEverFreeBytesRemaining
                0x00000000008006c4        0x2
 .bss.xMinimumEverFreeBytesRemaining
                0x00000000008006c4        0x2 build/default/production/FreeRTOS/heap_4.o

.bss.xFreeBytesRemaining
                0x00000000008006c6        0x2
 .bss.xFreeBytesRemaining
                0x00000000008006c6        0x2 build/default/production/FreeRTOS/heap_4.o

.bss.pxEnd      0x00000000008006c8        0x2
 .bss.pxEnd     0x00000000008006c8        0x2 build/default/production/FreeRTOS/heap_4.o

.bss.xStart     0x00000000008006ae        0x4
 .bss.xStart    0x00000000008006ae        0x4 build/default/production/FreeRTOS/heap_4.o

.bss.ucHeap     0x0000000000800064      0x5dc
 .bss.ucHeap    0x0000000000800064      0x5dc build/default/production/FreeRTOS/heap_4.o

.bss.uxSchedulerSuspended
                0x00000000008006d2        0x1
 .bss.uxSchedulerSuspended
                0x00000000008006d2        0x1 build/default/production/FreeRTOS/tasks.o

.bss.xIdleTaskHandle
                0x00000000008006ca        0x2
 .bss.xIdleTaskHandle
                0x00000000008006ca        0x2 build/default/production/FreeRTOS/tasks.o

.bss.xNextTaskUnblockTime
                0x00000000008006b2        0x4
 .bss.xNextTaskUnblockTime
                0x00000000008006b2        0x4 build/default/production/FreeRTOS/tasks.o

.bss.uxTaskNumber
                0x00000000008006d3        0x1
 .bss.uxTaskNumber
                0x00000000008006d3        0x1 build/default/production/FreeRTOS/tasks.o

.bss.xNumOfOverflows
                0x00000000008006d4        0x1
 .bss.xNumOfOverflows
                0x00000000008006d4        0x1 build/default/production/FreeRTOS/tasks.o

.bss.xYieldPending
                0x00000000008006d5        0x1
 .bss.xYieldPending
                0x00000000008006d5        0x1 build/default/production/FreeRTOS/tasks.o

.bss.xPendedTicks
                0x00000000008006b6        0x4
 .bss.xPendedTicks
                0x00000000008006b6        0x4 build/default/production/FreeRTOS/tasks.o

.bss.xSchedulerRunning
                0x00000000008006d6        0x1
 .bss.xSchedulerRunning
                0x00000000008006d6        0x1 build/default/production/FreeRTOS/tasks.o

.bss.uxTopReadyPriority
                0x00000000008006d7        0x1
 .bss.uxTopReadyPriority
                0x00000000008006d7        0x1 build/default/production/FreeRTOS/tasks.o

.bss.xTickCount
                0x00000000008006ba        0x4
 .bss.xTickCount
                0x00000000008006ba        0x4 build/default/production/FreeRTOS/tasks.o

.bss.uxCurrentNumberOfTasks
                0x00000000008006d8        0x1
 .bss.uxCurrentNumberOfTasks
                0x00000000008006d8        0x1 build/default/production/FreeRTOS/tasks.o

.bss.xSuspendedTaskList
                0x0000000000800677        0xb
 .bss.xSuspendedTaskList
                0x0000000000800677        0xb build/default/production/FreeRTOS/tasks.o

.bss.uxDeletedTasksWaitingCleanUp
                0x00000000008006d9        0x1
 .bss.uxDeletedTasksWaitingCleanUp
                0x00000000008006d9        0x1 build/default/production/FreeRTOS/tasks.o

.bss.xTasksWaitingTermination
                0x0000000000800682        0xb
 .bss.xTasksWaitingTermination
                0x0000000000800682        0xb build/default/production/FreeRTOS/tasks.o

.bss.xPendingReadyList
                0x000000000080068d        0xb
 .bss.xPendingReadyList
                0x000000000080068d        0xb build/default/production/FreeRTOS/tasks.o

.bss.pxOverflowDelayedTaskList
                0x00000000008006cc        0x2
 .bss.pxOverflowDelayedTaskList
                0x00000000008006cc        0x2 build/default/production/FreeRTOS/tasks.o

.bss.pxDelayedTaskList
                0x00000000008006ce        0x2
 .bss.pxDelayedTaskList
                0x00000000008006ce        0x2 build/default/production/FreeRTOS/tasks.o

.bss.xDelayedTaskList2
                0x0000000000800698        0xb
 .bss.xDelayedTaskList2
                0x0000000000800698        0xb build/default/production/FreeRTOS/tasks.o

.bss.xDelayedTaskList1
                0x00000000008006a3        0xb
 .bss.xDelayedTaskList1
                0x00000000008006a3        0xb build/default/production/FreeRTOS/tasks.o

.bss.pxReadyTasksLists
                0x0000000000800640       0x37
 .bss.pxReadyTasksLists
                0x0000000000800640       0x37 build/default/production/FreeRTOS/tasks.o

.bss.pxCurrentTCB
                0x00000000008006d0        0x2
 .bss.pxCurrentTCB
                0x00000000008006d0        0x2 build/default/production/FreeRTOS/tasks.o
                0x00000000008006d0                pxCurrentTCB

.progmemx.data  0x00000000000000ae        0xf
 .progmemx.data
                0x00000000000000ae        0xf build/default/production/main.o

.progmemx.data  0x00000000000000bd        0x6
 .progmemx.data
                0x00000000000000bd        0x6 build/default/production/FreeRTOS/tasks.o
                0x00000000000000c2                uxTopUsedPriority

.text.xTaskCreate
                0x00000000000000c4      0x28c
 .text.xTaskCreate
                0x00000000000000c4      0x28c build/default/production/FreeRTOS/tasks.o
                0x00000000000000c4                xTaskCreate

.text.xTaskIncrementTick
                0x0000000000000350      0x264
 .text.xTaskIncrementTick
                0x0000000000000350      0x264 build/default/production/FreeRTOS/tasks.o
                0x0000000000000350                xTaskIncrementTick

.text.xTaskResumeAll
                0x00000000000005b4      0x1d0
 .text.xTaskResumeAll
                0x00000000000005b4      0x1d0 build/default/production/FreeRTOS/tasks.o
                0x00000000000005b4                xTaskResumeAll

.text.xQueueGenericSend
                0x0000000000000784      0x19c
 .text.xQueueGenericSend
                0x0000000000000784      0x19c build/default/production/FreeRTOS/queue.o
                0x0000000000000784                xQueueGenericSend

.text.pvPortMalloc
                0x0000000000000920      0x19a
 .text.pvPortMalloc
                0x0000000000000920      0x19a build/default/production/FreeRTOS/heap_4.o
                0x0000000000000920                pvPortMalloc

.text.xTaskRemoveFromEventList
                0x0000000000000aba      0x16a
 .text.xTaskRemoveFromEventList
                0x0000000000000aba      0x16a build/default/production/FreeRTOS/tasks.o
                0x0000000000000aba                xTaskRemoveFromEventList

.text.xQueueReceive
                0x0000000000000c24      0x164
 .text.xQueueReceive
                0x0000000000000c24      0x164 build/default/production/FreeRTOS/queue.o
                0x0000000000000c24                xQueueReceive

.text.prvAddCurrentTaskToDelayedList
                0x0000000000000d88      0x144
 .text.prvAddCurrentTaskToDelayedList
                0x0000000000000d88      0x144 build/default/production/FreeRTOS/tasks.o

.text.avrlibc.fplib
                0x0000000000000ecc       0xde
 .text.avrlibc.fplib
                0x0000000000000ecc       0xde c:/program files/microchip/xc8/v2.32/avr/bin/../lib/gcc/avr/5.4.0/../../../../avr/lib/avr5/memx-const\libm.a(divsf3x.o)
                0x0000000000000ecc                __divsf3x
                0x0000000000000ef4                __divsf3_pse

.text.pxPortInitialiseStack
                0x0000000000000faa       0xd8
 .text.pxPortInitialiseStack
                0x0000000000000faa       0xd8 build/default/production/FreeRTOS/port.o
                0x0000000000000faa                pxPortInitialiseStack

.text.avrlibc.fplib
                0x0000000000001082       0xce
 .text.avrlibc.fplib
                0x0000000000001082       0xce c:/program files/microchip/xc8/v2.32/avr/bin/../lib/gcc/avr/5.4.0/../../../../avr/lib/avr5/memx-const\libm.a(addsf3x.o)
                0x0000000000001082                __addsf3x

.text.xQueueGenericReset
                0x0000000000001150       0xc8
 .text.xQueueGenericReset
                0x0000000000001150       0xc8 build/default/production/FreeRTOS/queue.o
                0x0000000000001150                xQueueGenericReset

.text.vPortYieldFromTick
                0x0000000000001218       0xb8
 .text.vPortYieldFromTick
                0x0000000000001218       0xb8 build/default/production/FreeRTOS/port.o
                0x0000000000001218                vPortYieldFromTick

.text.xTaskCheckForTimeOut
                0x00000000000012d0       0xb4
 .text.xTaskCheckForTimeOut
                0x00000000000012d0       0xb4 build/default/production/FreeRTOS/tasks.o
                0x00000000000012d0                xTaskCheckForTimeOut

.text.vPortYield
                0x0000000000001384       0xb2
 .text.vPortYield
                0x0000000000001384       0xb2 build/default/production/FreeRTOS/port.o
                0x0000000000001384                vPortYield

.text.vTaskSwitchContext
                0x0000000000001436       0xae
 .text.vTaskSwitchContext
                0x0000000000001436       0xae build/default/production/FreeRTOS/tasks.o
                0x0000000000001436                vTaskSwitchContext

.text.prvUnlockQueue
                0x00000000000014e4       0xaa
 .text.prvUnlockQueue
                0x00000000000014e4       0xaa build/default/production/FreeRTOS/queue.o

.text.prvInsertBlockIntoFreeList
                0x000000000000158e       0x9a
 .text.prvInsertBlockIntoFreeList
                0x000000000000158e       0x9a build/default/production/FreeRTOS/heap_4.o

.text.prvCopyDataToQueue
                0x0000000000001628       0x92
 .text.prvCopyDataToQueue
                0x0000000000001628       0x92 build/default/production/FreeRTOS/queue.o

.text.xQueueGenericCreate
                0x00000000000016ba       0x84
 .text.xQueueGenericCreate
                0x00000000000016ba       0x84 build/default/production/FreeRTOS/queue.o
                0x00000000000016ba                xQueueGenericCreate

.text.main      0x000000000000173e       0x7c
 .text.main     0x000000000000173e       0x7c build/default/production/main.o
                0x000000000000173e                main

.text.vListInsert
                0x00000000000017ba       0x7a
 .text.vListInsert
                0x00000000000017ba       0x7a build/default/production/FreeRTOS/list.o
                0x00000000000017ba                vListInsert

.text.avrlibc.fplib
                0x0000000000001834       0x7a
 .text.avrlibc.fplib
                0x0000000000001834       0x7a c:/program files/microchip/xc8/v2.32/avr/bin/../lib/gcc/avr/5.4.0/../../../../avr/lib/avr5/memx-const\libm.a(floatsisf.o)
                0x0000000000001834                __floatunsisf
                0x0000000000001838                __floatsisf

.text.vPortFree
                0x00000000000018ae       0x76
 .text.vPortFree
                0x00000000000018ae       0x76 build/default/production/FreeRTOS/heap_4.o
                0x00000000000018ae                vPortFree

.text.vTaskStartScheduler
                0x0000000000001924       0x72
 .text.vTaskStartScheduler
                0x0000000000001924       0x72 build/default/production/FreeRTOS/tasks.o
                0x0000000000001924                vTaskStartScheduler

.text.prvIdleTask
                0x0000000000001996       0x70
 .text.prvIdleTask
                0x0000000000001996       0x70 build/default/production/FreeRTOS/tasks.o

.text.xPortStartScheduler
                0x0000000000001a06       0x6a
 .text.xPortStartScheduler
                0x0000000000001a06       0x6a build/default/production/FreeRTOS/port.o
                0x0000000000001a06                xPortStartScheduler

.text.init_uart
                0x0000000000001a70       0x62
 .text.init_uart
                0x0000000000001a70       0x62 build/default/production/mDrivers/mUART.o
                0x0000000000001a70                init_uart

.text.avrlibc.fplib
                0x0000000000001ad2       0x5e
 .text.avrlibc.fplib
                0x0000000000001ad2       0x5e c:/program files/microchip/xc8/v2.32/avr/bin/../lib/gcc/avr/5.4.0/../../../../avr/lib/avr5/memx-const\libm.a(fixunssfsi.o)
                0x0000000000001ad2                __fixunssfsi

.text.prvResetNextTaskUnblockTime
                0x0000000000001b30       0x50
 .text.prvResetNextTaskUnblockTime
                0x0000000000001b30       0x50 build/default/production/FreeRTOS/tasks.o

.text.uxListRemove
                0x0000000000001b80       0x4e
 .text.uxListRemove
                0x0000000000001b80       0x4e build/default/production/FreeRTOS/list.o
                0x0000000000001b80                uxListRemove

.text.avrlibc.fplib
                0x0000000000001bce       0x44
 .text.avrlibc.fplib
                0x0000000000001bce       0x44 c:/program files/microchip/xc8/v2.32/avr/bin/../lib/gcc/avr/5.4.0/../../../../avr/lib/avr5/memx-const\libm.a(fp_split3.o)
                0x0000000000001bce                __fp_split3
                0x0000000000001bde                __fp_splitA

.text.vTask1    0x0000000000001c12       0x3e
 .text.vTask1   0x0000000000001c12       0x3e build/default/production/main.o
                0x0000000000001c12                vTask1

.text.uart_send_Num
                0x0000000000001c50       0x3a
 .text.uart_send_Num
                0x0000000000001c50       0x3a build/default/production/mDrivers/mUART.o
                0x0000000000001c50                uart_send_Num

.text.vTask2    0x0000000000001c8a       0x36
 .text.vTask2   0x0000000000001c8a       0x36 build/default/production/main.o
                0x0000000000001c8a                vTask2

.text.prvCopyDataFromQueue
                0x0000000000001cc0       0x36
 .text.prvCopyDataFromQueue
                0x0000000000001cc0       0x36 build/default/production/FreeRTOS/queue.o

.text.avrlibc   0x0000000000001cf6       0x34
 .text.avrlibc  0x0000000000001cf6       0x34 c:/program files/microchip/xc8/v2.32/avr/bin/../lib/gcc/avr/5.4.0/../../../../avr/lib/avr5/memx-const\libc.a(utoa_ncheck.o)
                0x0000000000001cf6                __utoa_ncheck
                0x0000000000001cf8                __utoa_common

.text.avrlibc   0x0000000000001d2a       0x32
 .text.avrlibc  0x0000000000001d2a       0x32 c:/program files/microchip/xc8/v2.32/avr/bin/../lib/gcc/avr/5.4.0/../../../../avr/lib/avr5/memx-const\libc.a(memcpy_M.o)
                0x0000000000001d2a                memcpy

.text.vTaskPlaceOnEventList
                0x0000000000001d5c       0x30
 .text.vTaskPlaceOnEventList
                0x0000000000001d5c       0x30 build/default/production/FreeRTOS/tasks.o
                0x0000000000001d5c                vTaskPlaceOnEventList

.text.libgcc.div
                0x0000000000001d8c       0x28
 .text.libgcc.div
                0x0000000000001d8c       0x28 c:/program files/microchip/xc8/v2.32/avr/bin/../lib/gcc/avr/5.4.0/avr5/memx-const\libgcc.a(_udivmodhi4.o)
                0x0000000000001d8c                __udivmodhi4

.text.vListInitialise
                0x0000000000001db4       0x24
 .text.vListInitialise
                0x0000000000001db4       0x24 build/default/production/FreeRTOS/list.o
                0x0000000000001db4                vListInitialise

.text.prvIsQueueEmpty
                0x0000000000001dd8       0x22
 .text.prvIsQueueEmpty
                0x0000000000001dd8       0x22 build/default/production/FreeRTOS/queue.o

.text.vTaskInternalSetTimeOutState
                0x0000000000001dfa       0x22
 .text.vTaskInternalSetTimeOutState
                0x0000000000001dfa       0x22 build/default/production/FreeRTOS/tasks.o
                0x0000000000001dfa                vTaskInternalSetTimeOutState

.text.avrlibc.fplib
                0x0000000000001e1c       0x22
 .text.avrlibc.fplib
                0x0000000000001e1c       0x22 c:/program files/microchip/xc8/v2.32/avr/bin/../lib/gcc/avr/5.4.0/../../../../avr/lib/avr5/memx-const\libm.a(fp_round.o)
                0x0000000000001e1c                __fp_round

.text.avrlibc   0x0000000000001e3e       0x20
 .text.avrlibc  0x0000000000001e3e       0x20 c:/program files/microchip/xc8/v2.32/avr/bin/../lib/gcc/avr/5.4.0/../../../../avr/lib/avr5/memx-const\libc.a(strrev.o)
                0x0000000000001e3e                strrev

.text.uart_send_str
                0x0000000000001e5e       0x1e
 .text.uart_send_str
                0x0000000000001e5e       0x1e build/default/production/mDrivers/mUART.o
                0x0000000000001e5e                uart_send_str

.text.avrlibc   0x0000000000001e7c       0x16
 .text.avrlibc  0x0000000000001e7c       0x16 c:/program files/microchip/xc8/v2.32/avr/bin/../lib/gcc/avr/5.4.0/../../../../avr/lib/avr5/memx-const\libc.a(itoa_ncheck.o)
                0x0000000000001e7c                __itoa_ncheck

.text.libgcc    0x0000000000001e92       0x10
 .text.libgcc   0x0000000000001e92       0x10 c:/program files/microchip/xc8/v2.32/avr/bin/../lib/gcc/avr/5.4.0/avr5/memx-const\libgcc.a(_xload_2.o)
                0x0000000000001e92                __xload_2

.text.avrlibc.fplib
                0x0000000000001ea2        0xe
 .text.avrlibc.fplib
                0x0000000000001ea2        0xe c:/program files/microchip/xc8/v2.32/avr/bin/../lib/gcc/avr/5.4.0/../../../../avr/lib/avr5/memx-const\libm.a(addsf3.o)
                0x0000000000001ea2                __subsf3
                0x0000000000001ea4                __addsf3

.text.avrlibc.fplib
                0x0000000000001eb0        0xe
 .text.avrlibc.fplib
                0x0000000000001eb0        0xe c:/program files/microchip/xc8/v2.32/avr/bin/../lib/gcc/avr/5.4.0/../../../../avr/lib/avr5/memx-const\libm.a(fixsfsi.o)
                0x0000000000001eb0                __fixsfsi

.text.avrlibc.fplib
                0x0000000000001ebe        0xe
 .text.avrlibc.fplib
                0x0000000000001ebe        0xe c:/program files/microchip/xc8/v2.32/avr/bin/../lib/gcc/avr/5.4.0/../../../../avr/lib/avr5/memx-const\libm.a(fp_pscA.o)
                0x0000000000001ebe                __fp_pscA

.text.avrlibc.fplib
                0x0000000000001ecc        0xe
 .text.avrlibc.fplib
                0x0000000000001ecc        0xe c:/program files/microchip/xc8/v2.32/avr/bin/../lib/gcc/avr/5.4.0/../../../../avr/lib/avr5/memx-const\libm.a(fp_pscB.o)
                0x0000000000001ecc                __fp_pscB

.text.avrlibc.fplib
                0x0000000000001eda        0xe
 .text.avrlibc.fplib
                0x0000000000001eda        0xe c:/program files/microchip/xc8/v2.32/avr/bin/../lib/gcc/avr/5.4.0/../../../../avr/lib/avr5/memx-const\libm.a(fp_zero.o)
                0x0000000000001eda                __fp_zero
                0x0000000000001edc                __fp_szero

.text.vTaskSuspendAll
                0x0000000000001ee8        0xc
 .text.vTaskSuspendAll
                0x0000000000001ee8        0xc build/default/production/FreeRTOS/tasks.o
                0x0000000000001ee8                vTaskSuspendAll

.text.avrlibc.fplib
                0x0000000000001ef4        0xc
 .text.avrlibc.fplib
                0x0000000000001ef4        0xc c:/program files/microchip/xc8/v2.32/avr/bin/../lib/gcc/avr/5.4.0/../../../../avr/lib/avr5/memx-const\libm.a(fp_inf.o)
                0x0000000000001ef4                __fp_inf

.text.vListInitialiseItem
                0x0000000000001f00        0x8
 .text.vListInitialiseItem
                0x0000000000001f00        0x8 build/default/production/FreeRTOS/list.o
                0x0000000000001f00                vListInitialiseItem

.text.vTaskMissedYield
                0x0000000000001f08        0x8
 .text.vTaskMissedYield
                0x0000000000001f08        0x8 build/default/production/FreeRTOS/tasks.o
                0x0000000000001f08                vTaskMissedYield

.text.uart_send
                0x0000000000001f10        0x8
 .text.uart_send
                0x0000000000001f10        0x8 build/default/production/mDrivers/mUART.o
                0x0000000000001f10                uart_send

.text.avrlibc.fplib
                0x0000000000001f18        0x8
 .text.avrlibc.fplib
                0x0000000000001f18        0x8 c:/program files/microchip/xc8/v2.32/avr/bin/../lib/gcc/avr/5.4.0/../../../../avr/lib/avr5/memx-const\libm.a(divsf3.o)
                0x0000000000001f18                __divsf3

.text.__vector_7
                0x0000000000001f20        0x6
 .text.__vector_7
                0x0000000000001f20        0x6 build/default/production/FreeRTOS/port.o
                0x0000000000001f20                __vector_7

.text.avrlibc.fplib
                0x0000000000001f26        0x6
 .text.avrlibc.fplib
                0x0000000000001f26        0x6 c:/program files/microchip/xc8/v2.32/avr/bin/../lib/gcc/avr/5.4.0/../../../../avr/lib/avr5/memx-const\libm.a(fp_nan.o)
                0x0000000000001f26                __fp_nan

.text           0x0000000000001f2c        0x4
 .text          0x0000000000001f2c        0x4 C:/Program Files/Microchip/MPLABX/v5.50/packs/Microchip/ATmega_DFP/2.3.126/xc8/avr/lib/avr5/memx-const/crtatmega32a.o
                0x0000000000001f2c                __vector_1
                0x0000000000001f2c                __vector_12
                0x0000000000001f2c                __bad_interrupt
                0x0000000000001f2c                __vector_6
                0x0000000000001f2c                __vector_3
                0x0000000000001f2c                __vector_11
                0x0000000000001f2c                __vector_13
                0x0000000000001f2c                __vector_17
                0x0000000000001f2c                __vector_19
                0x0000000000001f2c                __vector_5
                0x0000000000001f2c                __vector_4
                0x0000000000001f2c                __vector_9
                0x0000000000001f2c                __vector_2
                0x0000000000001f2c                __vector_15
                0x0000000000001f2c                __vector_8
                0x0000000000001f2c                __vector_14
                0x0000000000001f2c                __vector_10
                0x0000000000001f2c                __vector_16
                0x0000000000001f2c                __vector_18
                0x0000000000001f2c                __vector_20
